Archive member included because of file (symbol)

C:/ethernut-5.1/NutInstall\libnutnet.a(tcpsock.o)
                              network.o (NutTcpGetSockOpt)
C:/ethernut-5.1/NutInstall\libnutnet.a(udpsock.o)
                              network.o (NutUdpReceiveFrom)
C:/ethernut-5.1/NutInstall\libnutnet.a(ipdemux.o)
                              C:/ethernut-5.1/NutInstall\libnutnet.a(tcpsock.o) (NutRegisterIpHandler)
C:/ethernut-5.1/NutInstall\libnutnet.a(route.o)
                              C:/ethernut-5.1/NutInstall\libnutnet.a(tcpsock.o) (NutIpRouteQuery)
C:/ethernut-5.1/NutInstall\libnutnet.a(inet.o)
                              network.o (inet_addr)
C:/ethernut-5.1/NutInstall\libnutnet.a(ifconfig.o)
                              rtu.o (NutNetIfConfig)
C:/ethernut-5.1/NutInstall\libnutnet.a(confnet.o)
                              network.o (NutNetSaveConfig)
C:/ethernut-5.1/NutInstall\libnutnet.a(tcpin.o)
                              C:/ethernut-5.1/NutInstall\libnutnet.a(tcpsock.o) (NutTcpInput)
C:/ethernut-5.1/NutInstall\libnutnet.a(tcpout.o)
                              C:/ethernut-5.1/NutInstall\libnutnet.a(tcpsock.o) (NutTcpOutput)
C:/ethernut-5.1/NutInstall\libnutnet.a(tcpsm.o)
                              C:/ethernut-5.1/NutInstall\libnutnet.a(tcpsock.o) (NutTcpInitStateMachine)
C:/ethernut-5.1/NutInstall\libnutnet.a(tcputil.o)
                              C:/ethernut-5.1/NutInstall\libnutnet.a(tcpsm.o) (NutTcpCalcRtt)
C:/ethernut-5.1/NutInstall\libnutnet.a(udpin.o)
                              C:/ethernut-5.1/NutInstall\libnutnet.a(udpsock.o) (NutUdpInput)
C:/ethernut-5.1/NutInstall\libnutnet.a(udpout.o)
                              C:/ethernut-5.1/NutInstall\libnutnet.a(udpsock.o) (NutUdpOutput)
C:/ethernut-5.1/NutInstall\libnutnet.a(ipcsum.o)
                              C:/ethernut-5.1/NutInstall\libnutnet.a(tcpout.o) (NutIpChkSumPartial)
C:/ethernut-5.1/NutInstall\libnutnet.a(ipin.o)
                              C:/ethernut-5.1/NutInstall\libnutnet.a(ipdemux.o) (ip_demux)
C:/ethernut-5.1/NutInstall\libnutnet.a(ipout.o)
                              C:/ethernut-5.1/NutInstall\libnutnet.a(ipin.o) (NutIpForward)
C:/ethernut-5.1/NutInstall\libnutnet.a(icmpin.o)
                              C:/ethernut-5.1/NutInstall\libnutnet.a(ipin.o) (NutIcmpInput)
C:/ethernut-5.1/NutInstall\libnutnet.a(icmpout.o)
                              C:/ethernut-5.1/NutInstall\libnutnet.a(icmpin.o) (NutIcmpOutput)
C:/ethernut-5.1/NutInstall\libnutnet.a(igmp.o)
                              C:/ethernut-5.1/NutInstall\libnutnet.a(ifconfig.o) (NutIgmpLeaveGroup)
C:/ethernut-5.1/NutInstall\libnutnet.a(igmpin.o)
                              C:/ethernut-5.1/NutInstall\libnutnet.a(ipin.o) (NutIgmpInput)
C:/ethernut-5.1/NutInstall\libnutnet.a(arpcache.o)
                              C:/ethernut-5.1/NutInstall\libnutnet.a(ipout.o) (NutArpCacheQuery)
C:/ethernut-5.1/NutInstall\libnutnet.a(arpout.o)
                              C:/ethernut-5.1/NutInstall\libnutnet.a(arpcache.o) (NutArpOutput)
C:/ethernut-5.1/NutInstall\libnutos.a(version.o)
                              network.o (NutVersion)
C:/ethernut-5.1/NutInstall\libnutos.a(heap.o)
                              C:/ethernut-5.1/NutInstall\libnutnet.a(tcpsock.o) (NutHeapRootAlloc)
C:/ethernut-5.1/NutInstall\libnutos.a(thread.o)
                              C:/ethernut-5.1/NutInstall/nutinit.o (NutThreadDestroy)
C:/ethernut-5.1/NutInstall\libnutos.a(timer.o)
                              C:/ethernut-5.1/NutInstall\libnutnet.a(tcpsock.o) (NutGetTickCount)
C:/ethernut-5.1/NutInstall\libnutos.a(event.o)
                              C:/ethernut-5.1/NutInstall\libnutnet.a(tcpsm.o) (NutEventPostAsync)
C:/ethernut-5.1/NutInstall\libnutos.a(devreg.o)
                              C:/ethernut-5.1/NutInstall\libnutnet.a(ipout.o) (nutDeviceList)
C:/ethernut-5.1/NutInstall\libnutos.a(confos.o)
                              C:/ethernut-5.1/NutInstall/nutinit.o (NutLoadConfig)
C:/ethernut-5.1/NutInstall\libnutarch.a(context_gcc.o)
                              C:/ethernut-5.1/NutInstall\libnutos.a(thread.o) (NutThreadSwitch)
C:/ethernut-5.1/NutInstall\libnutarch.a(ostimer.o)
                              C:/ethernut-5.1/NutInstall\libnutos.a(timer.o) (NutArchClockGet)
C:/ethernut-5.1/NutInstall\libnutarch.a(ih_timer0_comp.o)
                              C:/ethernut-5.1/NutInstall\libnutarch.a(ostimer.o) (sig_OUTPUT_COMPARE0)
C:/ethernut-5.1/NutInstall\libnutarch.a(usart0avr.o)
                              uart.o (devUsartAvr0)
C:/ethernut-5.1/NutInstall\libnutarch.a(usart1avr.o)
                              uart.o (devUsartAvr1)
C:/ethernut-5.1/NutInstall\libnutarch.a(eth0rtl.o)
                              rtu.o (devEth0)
C:/ethernut-5.1/NutInstall\libnutarch.a(ih_usart0_rx.o)
                              C:/ethernut-5.1/NutInstall\libnutarch.a(usart0avr.o) (sig_UART0_RECV)
C:/ethernut-5.1/NutInstall\libnutarch.a(ih_usart0_udre.o)
[...]
Memory Configuration

Name             Origin             Length             Attributes
text             0x00000000         0x00020000         xr
data             0x00800060         0x0000ffa0         rw !x
eeprom           0x00810000         0x00010000         rw !x
fuse             0x00820000         0x00000400         rw !x
lock             0x00830000         0x00000400         rw !x
signature        0x00840000         0x00000400         rw !x
*default*        0x00000000         0xffffffff

Linker script and memory map

Address of section .data set to 0x800100
LOAD c:/winavr-20100110/bin/../lib/gcc/avr/4.3.3/../../../../avr/lib/avr51/crtm128.o
LOAD rtu.o
LOAD uart.o
LOAD network.o
LOAD services.o
LOAD dallas.o
LOAD spi.o
LOAD text_lcd_MAK101_Rus.o
Address of section .uartloader set to 0x1f000
Address of section .bootloader set to 0x1f086
                0x00000000                main = 0x0
START GROUP
LOAD C:/ethernut-5.1/NutInstall/nutinit.o
LOAD C:/ethernut-5.1/NutInstall\libnutnet.a
LOAD C:/ethernut-5.1/NutInstall\libnutpro.a
LOAD C:/ethernut-5.1/NutInstall\libnutfs.a
LOAD C:/ethernut-5.1/NutInstall\libnutos.a
LOAD C:/ethernut-5.1/NutInstall\libnutarch.a
LOAD C:/ethernut-5.1/NutInstall\libnutdev.a
LOAD C:/ethernut-5.1/NutInstall\libnutnet.a
LOAD C:/ethernut-5.1/NutInstall\libnutcrt.a
END GROUP
LOAD c:/winavr-20100110/bin/../lib/gcc/avr/4.3.3/avr51\libgcc.a
LOAD c:/winavr-20100110/bin/../lib/gcc/avr/4.3.3/../../../../avr/lib/avr51\libc.a
LOAD c:/winavr-20100110/bin/../lib/gcc/avr/4.3.3/avr51\libgcc.a

.hash
 *(.hash)

.dynsym
 *(.dynsym)

.dynstr
 *(.dynstr)

.gnu.version
 *(.gnu.version)

.gnu.version_d
 *(.gnu.version_d)

.gnu.version_r
 *(.gnu.version_r)

.rel.init
 *(.rel.init)

.rela.init
 *(.rela.init)

.rel.text
 *(.rel.text)
 *(.rel.text.*)
 *(.rel.gnu.linkonce.t*)

.rela.text
 *(.rela.text)
 *(.rela.text.*)
 *(.rela.gnu.linkonce.t*)

.rel.fini
 *(.rel.fini)

.rela.fini
 *(.rela.fini)

.rel.rodata
 *(.rel.rodata)
 *(.rel.rodata.*)
 *(.rel.gnu.linkonce.r*)

.rela.rodata
 *(.rela.rodata)
 *(.rela.rodata.*)
 *(.rela.gnu.linkonce.r*)

.rel.data
 *(.rel.data)
 *(.rel.data.*)
 *(.rel.gnu.linkonce.d*)

.rela.data
 *(.rela.data)
 *(.rela.data.*)
 *(.rela.gnu.linkonce.d*)

.rel.ctors
 *(.rel.ctors)

.rela.ctors
 *(.rela.ctors)

.rel.dtors
 *(.rel.dtors)

.rela.dtors
 *(.rela.dtors)

.rel.got
 *(.rel.got)

.rela.got
 *(.rela.got)

.rel.bss
 *(.rel.bss)

.rela.bss
 *(.rela.bss)

.rel.plt
 *(.rel.plt)

.rela.plt
 *(.rela.plt)

.text           0x00000000     0xc7ce
 *(.vectors)
 .vectors       0x00000000       0x8c c:/winavr-20100110/bin/../lib/gcc/avr/4.3.3/../../../../avr/lib/avr51/crtm128.o
                0x00000000                __vectors
                0x00000000                __vector_default
 *(.vectors)
 *(.progmem.gcc*)
 .progmem.gcc_sw_table
                0x0000008c       0x62 C:/ethernut-5.1/NutInstall\libnutdev.a(usart.o)
 *(.progmem*)
                0x000000ee                . = ALIGN (0x2)
                0x000000ee                __trampolines_start = .
 *(.trampolines)
 .trampolines   0x000000ee        0x0 linker stubs
 *(.trampolines*)
                0x000000ee                __trampolines_end = .
 *(.jumptables)
 *(.jumptables*)
 *(.lowtext)
 *(.lowtext*)
                0x000000ee                __ctors_start = .
 *(.ctors)
                0x000000ee                __ctors_end = .
                0x000000ee                __dtors_start = .
 *(.dtors)
                0x000000ee                __dtors_end = .
 SORT(*)(.ctors)
 SORT(*)(.dtors)
 *(.init0)
 .init0         0x000000ee        0x0 c:/winavr-20100110/bin/../lib/gcc/avr/4.3.3/../../../../avr/lib/avr51/crtm128.o
                0x000000ee                __init
 *(.init0)
 *(.init1)
 .init1         0x000000ee        0x4 C:/ethernut-5.1/NutInstall/nutinit.o
 *(.init1)
 *(.init2)
 .init2         0x000000f2        0xc c:/winavr-20100110/bin/../lib/gcc/avr/4.3.3/../../../../avr/lib/avr51/crtm128.o
 *(.init2)
 *(.init3)
 *(.init3)
 *(.init4)
 .init4         0x000000fe       0x1a c:/winavr-20100110/bin/../lib/gcc/avr/4.3.3/../../../../avr/lib/avr51/crtm128.o
                0x000000fe                __do_copy_data
 .init4         0x00000118       0x10 c:/winavr-20100110/bin/../lib/gcc/avr/4.3.3/avr51\libgcc.a(_clear_bss.o)
                0x00000118                __do_clear_bss
 *(.init4)
 *(.init5)
 .init5         0x00000128       0x2a C:/ethernut-5.1/NutInstall/nutinit.o
 *(.init5)
 *(.init6)
 *(.init6)
 *(.init7)
 *(.init7)
 *(.init8)
 .init8         0x00000152       0x18 C:/ethernut-5.1/NutInstall/nutinit.o
                0x00000152                NutInit
 *(.init8)
 *(.init9)
 .init9         0x0000016a        0x8 c:/winavr-20100110/bin/../lib/gcc/avr/4.3.3/../../../../avr/lib/avr51/crtm128.o
 *(.init9)
 *(.text)
 .text          0x00000172        0x4 c:/winavr-20100110/bin/../lib/gcc/avr/4.3.3/../../../../avr/lib/avr51/crtm128.o
                0x00000172                __vector_22
                0x00000172                __vector_28
                0x00000172                __vector_1
                0x00000172                __vector_32
                0x00000172                __vector_34
                0x00000172                __vector_24
                0x00000172                __vector_12
                0x00000172                __bad_interrupt
                0x00000172                __vector_3
                0x00000172                __vector_23
                0x00000172                __vector_25
                0x00000172                __vector_11
                0x00000172                __vector_13
                0x00000172                __vector_17
                0x00000172                __vector_7
                0x00000172                __vector_27
                0x00000172                __vector_33
                0x00000172                __vector_4
                0x00000172                __vector_9
                0x00000172                __vector_21
                0x00000172                __vector_29
                0x00000172                __vector_8
                0x00000172                __vector_26
                0x00000172                __vector_10
                0x00000172                __vector_16
                0x00000172                __vector_20
                0x00000176                . = ALIGN (0x2)
 *(.text.*)
 .text.NutAppMain
                0x00000176      0x2e4 rtu.o
                0x00000176                NutAppMain
 .text.PrintNetworkParam
                0x0000045a      0x138 uart.o
                0x0000045a                PrintNetworkParam
 .text.initUart
                0x00000592       0xec uart.o
                0x00000592                initUart
 .text.UdpFind  0x0000067e      0x342 network.o
                0x0000067e                UdpFind
 .text.ReflectThread
                0x000009c0      0x500 network.o
                0x000009c0                ReflectThread
 .text.loopNetwork
                0x00000ec0      0xb68 network.o
                0x00000ec0                loopNetwork
 .text.defaultNet
                0x00001a28       0x92 network.o
                0x00001a28                defaultNet
 .text.initNetwork
                0x00001aba       0x12 network.o
                0x00001aba                initNetwork
 .text.init_key
                0x00001acc       0x18 services.o
                0x00001acc                init_key
 .text.enable_int_key
                0x00001ae4        0x8 services.o
                0x00001ae4                enable_int_key
 .text.disable_int_key
                0x00001aec        0x8 services.o
                0x00001aec                disable_int_key
 .text.init_power_pc
                0x00001af4       0x1c services.o
                0x00001af4                init_power_pc
 .text.reset_ext
                0x00001b10       0x5e services.o
                0x00001b10                reset_ext
 .text.set_start_time_min
                0x00001b6e        0x2 services.o
                0x00001b6e                set_start_time_min
 .text.set_start_time_sec
                0x00001b70        0x2 services.o
                0x00001b70                set_start_time_sec
 .text.ac_ii_init
                0x00001b72        0xa services.o
                0x00001b72                ac_ii_init
 .text.set_power_ac
                0x00001b7c       0x18 services.o
                0x00001b7c                set_power_ac
 .text.set_power_ii
                0x00001b94       0x18 services.o
                0x00001b94                set_power_ii
 .text.otau_get_count_channels
                0x00001bac        0x6 services.o
                0x00001bac                otau_get_count_channels
 .text.otdr_reset
                0x00001bb2       0x20 services.o
                0x00001bb2                otdr_reset
 .text.init_timer1
                0x00001bd2       0x14 services.o
                0x00001bd2                init_timer1
 .text.enable_timer1
                0x00001be6        0x8 services.o
                0x00001be6                enable_timer1
 .text.disable_timer1
                0x00001bee        0x6 services.o
                0x00001bee                disable_timer1
 .text.stop_timer1
                0x00001bf4        0xa services.o
                0x00001bf4                stop_timer1
 .text.charon_reset
                0x00001bfe       0x14 services.o
                0x00001bfe                charon_reset
 .text.__vector_5
                0x00001c12       0x5e services.o
                0x00001c12                __vector_5
 .text.__vector_2
                0x00001c70       0x64 services.o
                0x00001c70                __vector_2
 .text.otdr_init
                0x00001cd4        0xe services.o
                0x00001cd4                otdr_init
 .text.otau_reset
                0x00001ce2       0x1c services.o
                0x00001ce2                otau_reset
 .text.otau_get_channel
                0x00001cfe      0x146 services.o
                0x00001cfe                otau_get_channel
 .text.otau_check_alive
                0x00001e44        0xa services.o
                0x00001e44                otau_check_alive
 .text.otau_init
                0x00001e4e      0x184 services.o
                0x00001e4e                otau_init
 .text.otau_set_channel
                0x00001fd2       0xba services.o
                0x00001fd2                otau_set_channel
 .text.write_ini
                0x0000208c        0xe services.o
                0x0000208c                write_ini
 .text.read_ini
                0x0000209a        0xe services.o
                0x0000209a                read_ini
 .text.set_power_sw
                0x000020a8        0xc services.o
                0x000020a8                set_power_sw
 .text.Power_Led_Thread
                0x000020b4       0x70 services.o
                0x000020b4                Power_Led_Thread
 .text.Power_Sw_Thread
                0x00002124       0x7a services.o
                0x00002124                Power_Sw_Thread
 .text.set_rtu_number
                0x0000219e       0x26 services.o
                0x0000219e                set_rtu_number
 .text.get_rtu_number
                0x000021c4       0x14 services.o
                0x000021c4                get_rtu_number
 .text.WIN_Load_Thread
                0x000021d8      0x10a services.o
                0x000021d8                WIN_Load_Thread
 .text.OTAU_Thread
                0x000022e2      0x140 services.o
                0x000022e2                OTAU_Thread
 .text.__vector_14
                0x00002422       0x92 services.o
                0x00002422                __vector_14
 .text.ds_reset
                0x000024b4       0x3e dallas.o
                0x000024b4                ds_reset
 .text.ds_shout
                0x000024f2       0x44 dallas.o
                0x000024f2                ds_shout
 .text.ds_shin  0x00002536       0x32 dallas.o
                0x00002536                ds_shin
 .text.ds_convert_temperature_command
                0x00002568       0x12 dallas.o
                0x00002568                ds_convert_temperature_command
 .text.ds_read_temperature_command
                0x0000257a       0xd0 dallas.o
                0x0000257a                ds_read_temperature_command
 .text.ds_set_resolution
                0x0000264a       0x34 dallas.o
                0x0000264a                ds_set_resolution
 .text.SPI_init
                0x0000267e       0x18 spi.o
                0x0000267e                SPI_init
 .text.SPI_have_data
                0x00002696        0x8 spi.o
                0x00002696                SPI_have_data
 .text.SPI_write_byte
                0x0000269e       0x10 spi.o
                0x0000269e                SPI_write_byte
 .text.SPI_read_byte
                0x000026ae        0xa spi.o
                0x000026ae                SPI_read_byte
 .text.SPI_read_buffer
                0x000026b8       0x4a spi.o
                0x000026b8                SPI_read_buffer
 .text.SPI_write_buffer
                0x00002702       0x2c spi.o
                0x00002702                SPI_write_buffer
 .text.SPI_Receiver
                0x0000272e       0x42 spi.o
                0x0000272e                SPI_Receiver
 .text.display_set_channel
                0x00002770        0x2 text_lcd_MAK101_Rus.o
                0x00002770                display_set_channel
 .text.display_write_byte
                0x00002772      0x130 text_lcd_MAK101_Rus.o
                0x00002772                display_write_byte
 .text.display_set_cursor_pos
                0x000028a2       0x1e text_lcd_MAK101_Rus.o
                0x000028a2                display_set_cursor_pos
 .text.display_clear_screen
                0x000028c0        0xa text_lcd_MAK101_Rus.o
                0x000028c0                display_clear_screen
 .text.display_set_font2
                0x000028ca       0x2c text_lcd_MAK101_Rus.o
                0x000028ca                display_set_font2
 .text.display_set_font
                0x000028f6       0x2c text_lcd_MAK101_Rus.o
                0x000028f6                display_set_font
 .text.display_init
                0x00002922       0xc6 text_lcd_MAK101_Rus.o
                0x00002922                display_init
 .text.display_show_string
                0x000029e8       0x20 text_lcd_MAK101_Rus.o
                0x000029e8                display_show_string
 .text.display_show
                0x00002a08      0x2d4 text_lcd_MAK101_Rus.o
                0x00002a08                display_show
 .text.NutIdle  0x00002cdc       0x52 C:/ethernut-5.1/NutInstall/nutinit.o
                0x00002cdc                NutIdle
 .text.NutTcpFindSocket
                0x00002d2e       0x80 C:/ethernut-5.1/NutInstall\libnutnet.a(tcpsock.o)
                0x00002d2e                NutTcpFindSocket
 .text.NutTcpGetSockOpt
                0x00002dae       0xd8 C:/ethernut-5.1/NutInstall\libnutnet.a(tcpsock.o)
                0x00002dae                NutTcpGetSockOpt
 .text.NutTcpError
                0x00002e86       0x18 C:/ethernut-5.1/NutInstall\libnutnet.a(tcpsock.o)
                0x00002e86                NutTcpError
 .text.NutTcpDeviceIOCtl
                0x00002e9e       0x66 C:/ethernut-5.1/NutInstall\libnutnet.a(tcpsock.o)
                0x00002e9e                NutTcpDeviceIOCtl
 .text.NutTcpDiscardBuffers
                0x00002f04       0x6c C:/ethernut-5.1/NutInstall\libnutnet.a(tcpsock.o)
                0x00002f04                NutTcpDiscardBuffers
 .text.NutTcpReceive
                0x00002f70      0x254 C:/ethernut-5.1/NutInstall\libnutnet.a(tcpsock.o)
                0x00002f70                NutTcpReceive
 .text.NutTcpDeviceRead
                0x000031c4        0x6 C:/ethernut-5.1/NutInstall\libnutnet.a(tcpsock.o)
                0x000031c4                NutTcpDeviceRead
 .text.NutTcpSend
                0x000031ca       0xfe C:/ethernut-5.1/NutInstall\libnutnet.a(tcpsock.o)
                0x000031ca                NutTcpSend
 .text.SendBuffer
                0x000032c8       0x58 C:/ethernut-5.1/NutInstall\libnutnet.a(tcpsock.o)
 .text.NutTcpDeviceWrite
                0x00003320      0x20a C:/ethernut-5.1/NutInstall\libnutnet.a(tcpsock.o)
                0x00003320                NutTcpDeviceWrite
 .text.NutTcpDeviceWrite_P
                0x0000352a       0x6c C:/ethernut-5.1/NutInstall\libnutnet.a(tcpsock.o)
                0x0000352a                NutTcpDeviceWrite_P
 .text.NutTcpCloseSocket
                0x00003596       0x1e C:/ethernut-5.1/NutInstall\libnutnet.a(tcpsock.o)
                0x00003596                NutTcpCloseSocket
 .text.NutTcpSetSockOpt
                0x000035b4      0x118 C:/ethernut-5.1/NutInstall\libnutnet.a(tcpsock.o)
                0x000035b4                NutTcpSetSockOpt
 .text.NutTcpAccept
                0x000036cc       0x12 C:/ethernut-5.1/NutInstall\libnutnet.a(tcpsock.o)
                0x000036cc                NutTcpAccept
 .text.NutTcpCreateSocket
                0x000036de       0xea C:/ethernut-5.1/NutInstall\libnutnet.a(tcpsock.o)
                0x000036de                NutTcpCreateSocket
 .text.NutTcpDestroySocket
                0x000037c8       0x64 C:/ethernut-5.1/NutInstall\libnutnet.a(tcpsock.o)
                0x000037c8                NutTcpDestroySocket
 .text.NutUdpFindSocket
                0x0000382c       0x2c C:/ethernut-5.1/NutInstall\libnutnet.a(udpsock.o)
                0x0000382c                NutUdpFindSocket
 .text.NutUdpReceiveFrom
                0x00003858       0xd6 C:/ethernut-5.1/NutInstall\libnutnet.a(udpsock.o)
                0x00003858                NutUdpReceiveFrom
 .text.NutUdpSendTo
                0x0000392e       0x8c C:/ethernut-5.1/NutInstall\libnutnet.a(udpsock.o)
                0x0000392e                NutUdpSendTo
 .text.NutUdpCreateSocket
                0x000039ba       0xce C:/ethernut-5.1/NutInstall\libnutnet.a(udpsock.o)
                0x000039ba                NutUdpCreateSocket
 .text.NutIpDemux
                0x00003a88       0x66 C:/ethernut-5.1/NutInstall\libnutnet.a(ipdemux.o)
 .text.NutRegisterIpHandler
                0x00003aee       0x8c C:/ethernut-5.1/NutInstall\libnutnet.a(ipdemux.o)
                0x00003aee                NutRegisterIpHandler
 .text.NutIpRouteQuery
                0x00003b7a       0xf6 C:/ethernut-5.1/NutInstall\libnutnet.a(route.o)
                0x00003b7a                NutIpRouteQuery
 .text.NutIpRouteAdd
                0x00003c70       0xcc C:/ethernut-5.1/NutInstall\libnutnet.a(route.o)
                0x00003c70                NutIpRouteAdd
 .text.inet_addr
                0x00003d3c       0xa4 C:/ethernut-5.1/NutInstall\libnutnet.a(inet.o)
                0x00003d3c                inet_addr
 .text.inet_ntoa
                0x00003de0       0xd2 C:/ethernut-5.1/NutInstall\libnutnet.a(inet.o)
                0x00003de0                inet_ntoa
 .text.NutNetIfSetup
                0x00003eb2      0x208 C:/ethernut-5.1/NutInstall\libnutnet.a(ifconfig.o)
                0x00003eb2                NutNetIfSetup
 .text.NutNetIfConfig2
                0x000040ba      0x1e0 C:/ethernut-5.1/NutInstall\libnutnet.a(ifconfig.o)
                0x000040ba                NutNetIfConfig2
 .text.NutNetIfConfig
                0x0000429a       0x2c C:/ethernut-5.1/NutInstall\libnutnet.a(ifconfig.o)
                0x0000429a                NutNetIfConfig
 .text.NutNetSaveConfig
                0x000042c6       0x28 C:/ethernut-5.1/NutInstall\libnutnet.a(confnet.o)
                0x000042c6                NutNetSaveConfig
 .text.NutNetLoadConfig
                0x000042ee       0x60 C:/ethernut-5.1/NutInstall\libnutnet.a(confnet.o)
                0x000042ee                NutNetLoadConfig
 .text.NutTcpInput
                0x0000434e       0x70 C:/ethernut-5.1/NutInstall\libnutnet.a(tcpin.o)
                0x0000434e                NutTcpInput
 .text.NutTcpReject
                0x000043be      0x124 C:/ethernut-5.1/NutInstall\libnutnet.a(tcpout.o)
                0x000043be                NutTcpReject
 .text.NutTcpOutput
                0x000044e2      0x3c2 C:/ethernut-5.1/NutInstall\libnutnet.a(tcpout.o)
                0x000044e2                NutTcpOutput
 .text.NutTcpInputOptions
                0x000048a4       0x82 C:/ethernut-5.1/NutInstall\libnutnet.a(tcpsm.o)
 .text.NutTcpAbortSocket
                0x00004926       0x5e C:/ethernut-5.1/NutInstall\libnutnet.a(tcpsm.o)
                0x00004926                NutTcpAbortSocket
 .text.NutTcpInitStateMachine
                0x00004984       0x3a C:/ethernut-5.1/NutInstall\libnutnet.a(tcpsm.o)
                0x00004984                NutTcpInitStateMachine
 .text.NutTcpStateMachine
                0x000049be       0xc2 C:/ethernut-5.1/NutInstall\libnutnet.a(tcpsm.o)
                0x000049be                NutTcpStateMachine
 .text.NutTcpStateWindowEvent
                0x00004a80       0x28 C:/ethernut-5.1/NutInstall\libnutnet.a(tcpsm.o)
                0x00004a80                NutTcpStateWindowEvent
 .text.NutTcpProcessAppData
                0x00004aa8      0x12c C:/ethernut-5.1/NutInstall\libnutnet.a(tcpsm.o)
 .text.NutTcpStateChange
                0x00004bd4      0x16a C:/ethernut-5.1/NutInstall\libnutnet.a(tcpsm.o)
 .text.NutTcpProcessSyn
                0x00004d3e       0xec C:/ethernut-5.1/NutInstall\libnutnet.a(tcpsm.o)
 .text.NutTcpStateRetranTimeout
                0x00004e2a       0x94 C:/ethernut-5.1/NutInstall\libnutnet.a(tcpsm.o)
                0x00004e2a                NutTcpStateRetranTimeout
 .text.NutTcpProcessAck
                0x00004ebe      0x236 C:/ethernut-5.1/NutInstall\libnutnet.a(tcpsm.o)
 .text.NutTcpStateProcess
                0x000050f4      0x8d0 C:/ethernut-5.1/NutInstall\libnutnet.a(tcpsm.o)
 .text.NutTcpStatePassiveOpenEvent
                0x000059c4       0xf4 C:/ethernut-5.1/NutInstall\libnutnet.a(tcpsm.o)
                0x000059c4                NutTcpStatePassiveOpenEvent
 .text.NutTcpSm
                0x00005ab8      0x270 C:/ethernut-5.1/NutInstall\libnutnet.a(tcpsm.o)
                0x00005ab8                NutTcpSm
 .text.NutTcpStateCloseEvent
                0x00005d28       0x60 C:/ethernut-5.1/NutInstall\libnutnet.a(tcpsm.o)
                0x00005d28                NutTcpStateCloseEvent
 .text.NutTcpCalcRtt
                0x00005d88       0x70 C:/ethernut-5.1/NutInstall\libnutnet.a(tcputil.o)
                0x00005d88                NutTcpCalcRtt
 .text.NutUdpInput
                0x00005df8      0x114 C:/ethernut-5.1/NutInstall\libnutnet.a(udpin.o)
                0x00005df8                NutUdpInput
 .text.NutUdpOutput
                0x00005f0c      0x12a C:/ethernut-5.1/NutInstall\libnutnet.a(udpout.o)
                0x00005f0c                NutUdpOutput
 .text.NutIpChkSumPartial
                0x00006036       0x6c C:/ethernut-5.1/NutInstall\libnutnet.a(ipcsum.o)
                0x00006036                NutIpChkSumPartial
 .text.NutIpChkSum
                0x000060a2        0xe C:/ethernut-5.1/NutInstall\libnutnet.a(ipcsum.o)
                0x000060a2                NutIpChkSum
 .text.NutIpPseudoChkSumPartial
                0x000060b0       0x62 C:/ethernut-5.1/NutInstall\libnutnet.a(ipcsum.o)
                0x000060b0                NutIpPseudoChkSumPartial
 .text.NutIpInput
                0x00006112      0x1f4 C:/ethernut-5.1/NutInstall\libnutnet.a(ipin.o)
                0x00006112                NutIpInput
 .text.NutIpForward
                0x00006306        0x6 C:/ethernut-5.1/NutInstall\libnutnet.a(ipout.o)
                0x00006306                NutIpForward
 .text.NutIpOutput
                0x0000630c      0x39e C:/ethernut-5.1/NutInstall\libnutnet.a(ipout.o)
                0x0000630c                NutIpOutput
 .text.NutIcmpInput
                0x000066aa      0x124 C:/ethernut-5.1/NutInstall\libnutnet.a(icmpin.o)
                0x000066aa                NutIcmpInput
 .text.NutIcmpOutput
                0x000067ce       0x68 C:/ethernut-5.1/NutInstall\libnutnet.a(icmpout.o)
                0x000067ce                NutIcmpOutput
 .text.NutIcmpReply
                0x00006836       0x74 C:/ethernut-5.1/NutInstall\libnutnet.a(icmpout.o)
                0x00006836                NutIcmpReply
 .text.NutIcmpResponse
                0x000068aa       0xa8 C:/ethernut-5.1/NutInstall\libnutnet.a(icmpout.o)
                0x000068aa                NutIcmpResponse
 .text.SendIgmpMessage
                0x00006952       0x84 C:/ethernut-5.1/NutInstall\libnutnet.a(igmp.o)
 .text.NutIgmpJoinGroup
                0x000069d6        0xc C:/ethernut-5.1/NutInstall\libnutnet.a(igmp.o)
                0x000069d6                NutIgmpJoinGroup
 .text.NutIgmpInput
                0x000069e2       0x80 C:/ethernut-5.1/NutInstall\libnutnet.a(igmpin.o)
                0x000069e2                NutIgmpInput
 .text.ArpCacheFlush
                0x00006a62       0x52 C:/ethernut-5.1/NutInstall\libnutnet.a(arpcache.o)
 .text.ArpCacheAging
                0x00006ab4       0xa6 C:/ethernut-5.1/NutInstall\libnutnet.a(arpcache.o)
 .text.ArpCacheNew
                0x00006b5a       0x88 C:/ethernut-5.1/NutInstall\libnutnet.a(arpcache.o)
 .text.NutArpCacheQuery
                0x00006be2      0x20e C:/ethernut-5.1/NutInstall\libnutnet.a(arpcache.o)
                0x00006be2                NutArpCacheQuery
 .text.NutArpCacheUpdate
                0x00006df0       0x62 C:/ethernut-5.1/NutInstall\libnutnet.a(arpcache.o)
                0x00006df0                NutArpCacheUpdate
 .text.NutArpOutput
                0x00006e52       0x6c C:/ethernut-5.1/NutInstall\libnutnet.a(arpout.o)
                0x00006e52                NutArpOutput
 .text.NutArpAllocNetBuf
                0x00006ebe       0xb8 C:/ethernut-5.1/NutInstall\libnutnet.a(arpout.o)
                0x00006ebe                NutArpAllocNetBuf
 .text.NutVersion
                0x00006f76        0xa C:/ethernut-5.1/NutInstall\libnutos.a(version.o)
                0x00006f76                NutVersion
 .text.NutHeapRootAlloc
                0x00006f80       0xb0 C:/ethernut-5.1/NutInstall\libnutos.a(heap.o)
                0x00006f80                NutHeapRootAlloc
 .text.NutHeapRootFree
                0x00007030       0xd8 C:/ethernut-5.1/NutInstall\libnutos.a(heap.o)
                0x00007030                NutHeapRootFree
 .text.NutHeapRootAdd
                0x00007108       0x22 C:/ethernut-5.1/NutInstall\libnutos.a(heap.o)
                0x00007108                NutHeapRootAdd
 .text.NutHeapRootAvailable
                0x0000712a       0x26 C:/ethernut-5.1/NutInstall\libnutos.a(heap.o)
                0x0000712a                NutHeapRootAvailable
 .text.NutHeapRootAllocClear
                0x00007150       0x2e C:/ethernut-5.1/NutInstall\libnutos.a(heap.o)
                0x00007150                NutHeapRootAllocClear
 .text.NutThreadAddPriQueue
                0x0000717e       0xb2 C:/ethernut-5.1/NutInstall\libnutos.a(thread.o)
                0x0000717e                NutThreadAddPriQueue
 .text.NutThreadRemoveQueue
                0x00007230       0x8e C:/ethernut-5.1/NutInstall\libnutos.a(thread.o)
                0x00007230                NutThreadRemoveQueue
 .text.NutThreadWake
                0x000072be       0x16 C:/ethernut-5.1/NutInstall\libnutos.a(thread.o)
                0x000072be                NutThreadWake
 .text.NutThreadDestroy
                0x000072d4       0x22 C:/ethernut-5.1/NutInstall\libnutos.a(thread.o)
                0x000072d4                NutThreadDestroy
 .text.NutThreadKill
                0x000072f6       0x4e C:/ethernut-5.1/NutInstall\libnutos.a(thread.o)
                0x000072f6                NutThreadKill
 .text.NutThreadSetPriority
                0x00007344       0x6e C:/ethernut-5.1/NutInstall\libnutos.a(thread.o)
                0x00007344                NutThreadSetPriority
 .text.NutThreadResume
                0x000073b2       0x8a C:/ethernut-5.1/NutInstall\libnutos.a(thread.o)
                0x000073b2                NutThreadResume
 .text.NutThreadYield
                0x0000743c       0x30 C:/ethernut-5.1/NutInstall\libnutos.a(thread.o)
                0x0000743c                NutThreadYield
 .text.NutTimerIntr
                0x0000746c       0x28 C:/ethernut-5.1/NutInstall\libnutos.a(timer.o)
                0x0000746c                NutTimerIntr
 .text.NutTimerInsert
                0x00007494       0x86 C:/ethernut-5.1/NutInstall\libnutos.a(timer.o)
                0x00007494                NutTimerInsert
 .text.NutTimerStop
                0x0000751a       0x80 C:/ethernut-5.1/NutInstall\libnutos.a(timer.o)
                0x0000751a                NutTimerStop
 .text.NutGetTickCount
                0x0000759a       0x20 C:/ethernut-5.1/NutInstall\libnutos.a(timer.o)
                0x0000759a                NutGetTickCount
 .text.NutGetCpuClock
                0x000075ba       0x40 C:/ethernut-5.1/NutInstall\libnutos.a(timer.o)
                0x000075ba                NutGetCpuClock
 .text.NutMicroDelay
                0x000075fa       0x40 C:/ethernut-5.1/NutInstall\libnutos.a(timer.o)
                0x000075fa                NutMicroDelay
 .text.NutDelay
                0x0000763a       0x1c C:/ethernut-5.1/NutInstall\libnutos.a(timer.o)
                0x0000763a                NutDelay
 .text.NutGetMillis
                0x00007656       0xd8 C:/ethernut-5.1/NutInstall\libnutos.a(timer.o)
                0x00007656                NutGetMillis
 .text.NutGetSeconds
                0x0000772e       0x40 C:/ethernut-5.1/NutInstall\libnutos.a(timer.o)
                0x0000772e                NutGetSeconds
 .text.NutTimerCreate
                0x0000776e       0xa2 C:/ethernut-5.1/NutInstall\libnutos.a(timer.o)
                0x0000776e                NutTimerCreate
 .text.NutTimerStartTicks
                0x00007810       0x1e C:/ethernut-5.1/NutInstall\libnutos.a(timer.o)
                0x00007810                NutTimerStartTicks
 .text.NutTimerStart
                0x0000782e       0x26 C:/ethernut-5.1/NutInstall\libnutos.a(timer.o)
                0x0000782e                NutTimerStart
 .text.NutSleep
                0x00007854       0x9e C:/ethernut-5.1/NutInstall\libnutos.a(timer.o)
                0x00007854                NutSleep
 .text.NutTimerProcessElapsed
                0x000078f2      0x11c C:/ethernut-5.1/NutInstall\libnutos.a(timer.o)
                0x000078f2                NutTimerProcessElapsed
 .text.NutTimerInit
                0x00007a0e       0x10 C:/ethernut-5.1/NutInstall\libnutos.a(timer.o)
                0x00007a0e                NutTimerInit
 .text.NutEventPostAsync
                0x00007a1e       0xa0 C:/ethernut-5.1/NutInstall\libnutos.a(event.o)
                0x00007a1e                NutEventPostAsync
 .text.NutEventBroadcastAsync
                0x00007abe       0x70 C:/ethernut-5.1/NutInstall\libnutos.a(event.o)
                0x00007abe                NutEventBroadcastAsync
 .text.NutEventBroadcast
                0x00007b2e       0x1a C:/ethernut-5.1/NutInstall\libnutos.a(event.o)
                0x00007b2e                NutEventBroadcast
 .text.NutEventPost
                0x00007b48       0x1a C:/ethernut-5.1/NutInstall\libnutos.a(event.o)
                0x00007b48                NutEventPost
 .text.NutEventTimeout
                0x00007b62       0x90 C:/ethernut-5.1/NutInstall\libnutos.a(event.o)
                0x00007b62                NutEventTimeout
 .text.NutEventWait
                0x00007bf2       0xc8 C:/ethernut-5.1/NutInstall\libnutos.a(event.o)
                0x00007bf2                NutEventWait
 .text.NutEventWaitNext
                0x00007cba       0x22 C:/ethernut-5.1/NutInstall\libnutos.a(event.o)
                0x00007cba                NutEventWaitNext
 .text.NutDeviceLookup
                0x00007cdc       0x38 C:/ethernut-5.1/NutInstall\libnutos.a(devreg.o)
                0x00007cdc                NutDeviceLookup
 .text.NutRegisterDevice
                0x00007d14       0x56 C:/ethernut-5.1/NutInstall\libnutos.a(devreg.o)
                0x00007d14                NutRegisterDevice
 .text.NutLoadConfig
                0x00007d6a       0x4a C:/ethernut-5.1/NutInstall\libnutos.a(confos.o)
                0x00007d6a                NutLoadConfig
 .text.NutThreadEntry
                0x00007db4       0x10 C:/ethernut-5.1/NutInstall\libnutarch.a(context_gcc.o)
 .text.NutThreadSwitch
                0x00007dc4       0x76 C:/ethernut-5.1/NutInstall\libnutarch.a(context_gcc.o)
                0x00007df8                thread_start
                0x00007dc4                NutThreadSwitch
 .text.NutThreadCreate
                0x00007e3a      0x140 C:/ethernut-5.1/NutInstall\libnutarch.a(context_gcc.o)
                0x00007e3a                NutThreadCreate
 .text.NutArchClockGet
                0x00007f7a       0x12 C:/ethernut-5.1/NutInstall\libnutarch.a(ostimer.o)
                0x00007f7a                NutArchClockGet
 .text.NutGetTickClock
                0x00007f8c        0xa C:/ethernut-5.1/NutInstall\libnutarch.a(ostimer.o)
                0x00007f8c                NutGetTickClock
 .text.NutTimerMillisToTicks
                0x00007f96       0x5c C:/ethernut-5.1/NutInstall\libnutarch.a(ostimer.o)
                0x00007f96                NutTimerMillisToTicks
 .text.NutRegisterTimer
                0x00007ff2       0xa0 C:/ethernut-5.1/NutInstall\libnutarch.a(ostimer.o)
                0x00007ff2                NutRegisterTimer
 .text.AvrTimer0CompIrqCtl
                0x00008092       0x90 C:/ethernut-5.1/NutInstall\libnutarch.a(ih_timer0_comp.o)
 .text.__vector_15
                0x00008122       0x54 C:/ethernut-5.1/NutInstall\libnutarch.a(ih_timer0_comp.o)
                0x00008122                __vector_15
 .text.AvrUsartTxEmpty
                0x00008176       0xe0 C:/ethernut-5.1/NutInstall\libnutarch.a(usart0avr.o)
 .text.AvrUsartRxComplete
                0x00008256       0xf4 C:/ethernut-5.1/NutInstall\libnutarch.a(usart0avr.o)
 .text.AvrUsartGetDataBits
                0x0000834a       0x30 C:/ethernut-5.1/NutInstall\libnutarch.a(usart0avr.o)
 .text.AvrUsartGetParity
                0x0000837a       0x1c C:/ethernut-5.1/NutInstall\libnutarch.a(usart0avr.o)
 .text.AvrUsartGetStopBits
                0x00008396       0x10 C:/ethernut-5.1/NutInstall\libnutarch.a(usart0avr.o)
 .text.AvrUsartGetStatus
                0x000083a6       0x70 C:/ethernut-5.1/NutInstall\libnutarch.a(usart0avr.o)
 .text.AvrUsartSetStatus
                0x00008416       0xba C:/ethernut-5.1/NutInstall\libnutarch.a(usart0avr.o)
 .text.AvrUsartGetClockMode
                0x000084d0       0x2c C:/ethernut-5.1/NutInstall\libnutarch.a(usart0avr.o)
 .text.AvrUsartGetFlowControl
                0x000084fc       0x20 C:/ethernut-5.1/NutInstall\libnutarch.a(usart0avr.o)
 .text.AvrUsartSetFlowControl
                0x0000851c       0x72 C:/ethernut-5.1/NutInstall\libnutarch.a(usart0avr.o)
 .text.AvrUsartTxStart
                0x0000858e        0x4 C:/ethernut-5.1/NutInstall\libnutarch.a(usart0avr.o)
 .text.AvrUsartRxStart
                0x00008592       0x34 C:/ethernut-5.1/NutInstall\libnutarch.a(usart0avr.o)
 .text.AvrUsartDisable
                0x000085c6       0x1c C:/ethernut-5.1/NutInstall\libnutarch.a(usart0avr.o)
 .text.AvrUsartSetClockMode
                0x000085e2       0x7c C:/ethernut-5.1/NutInstall\libnutarch.a(usart0avr.o)
 .text.AvrUsartSetStopBits
                0x0000865e       0x52 C:/ethernut-5.1/NutInstall\libnutarch.a(usart0avr.o)
 .text.AvrUsartSetParity
                0x000086b0       0x6a C:/ethernut-5.1/NutInstall\libnutarch.a(usart0avr.o)
 .text.AvrUsartSetDataBits
                0x0000871a       0x7a C:/ethernut-5.1/NutInstall\libnutarch.a(usart0avr.o)
 .text.AvrUsartGetSpeed
                0x00008794       0x96 C:/ethernut-5.1/NutInstall\libnutarch.a(usart0avr.o)
 .text.AvrUsartSetSpeed
                0x0000882a       0x7c C:/ethernut-5.1/NutInstall\libnutarch.a(usart0avr.o)
 .text.AvrUsartDeinit
                0x000088a6       0x26 C:/ethernut-5.1/NutInstall\libnutarch.a(usart0avr.o)
 .text.AvrUsartInit
                0x000088cc       0x46 C:/ethernut-5.1/NutInstall\libnutarch.a(usart0avr.o)
 .text.AvrUsartTxEmpty
                0x00008912      0x102 C:/ethernut-5.1/NutInstall\libnutarch.a(usart1avr.o)
 .text.AvrUsartRxComplete
                0x00008a14      0x10e C:/ethernut-5.1/NutInstall\libnutarch.a(usart1avr.o)
 .text.AvrUsartGetDataBits
                0x00008b22       0x34 C:/ethernut-5.1/NutInstall\libnutarch.a(usart1avr.o)
 .text.AvrUsartGetParity
                0x00008b56       0x1c C:/ethernut-5.1/NutInstall\libnutarch.a(usart1avr.o)
 .text.AvrUsartGetStopBits
                0x00008b72       0x10 C:/ethernut-5.1/NutInstall\libnutarch.a(usart1avr.o)
 .text.AvrUsartGetStatus
                0x00008b82       0x64 C:/ethernut-5.1/NutInstall\libnutarch.a(usart1avr.o)
 .text.AvrUsartSetStatus
                0x00008be6       0xce C:/ethernut-5.1/NutInstall\libnutarch.a(usart1avr.o)
 .text.AvrUsartGetClockMode
                0x00008cb4       0x30 C:/ethernut-5.1/NutInstall\libnutarch.a(usart1avr.o)
 .text.AvrUsartGetFlowControl
                0x00008ce4       0x20 C:/ethernut-5.1/NutInstall\libnutarch.a(usart1avr.o)
 .text.AvrUsartSetFlowControl
                0x00008d04       0x72 C:/ethernut-5.1/NutInstall\libnutarch.a(usart1avr.o)
 .text.AvrUsartTxStart
                0x00008d76        0xc C:/ethernut-5.1/NutInstall\libnutarch.a(usart1avr.o)
 .text.AvrUsartRxStart
                0x00008d82       0x3a C:/ethernut-5.1/NutInstall\libnutarch.a(usart1avr.o)
 .text.AvrUsartDisable
                0x00008dbc       0x40 C:/ethernut-5.1/NutInstall\libnutarch.a(usart1avr.o)
 .text.AvrUsartSetClockMode
                0x00008dfc       0x92 C:/ethernut-5.1/NutInstall\libnutarch.a(usart1avr.o)
 .text.AvrUsartSetStopBits
                0x00008e8e       0x54 C:/ethernut-5.1/NutInstall\libnutarch.a(usart1avr.o)
 .text.AvrUsartSetParity
                0x00008ee2       0x6c C:/ethernut-5.1/NutInstall\libnutarch.a(usart1avr.o)
 .text.AvrUsartSetDataBits
                0x00008f4e       0x8c C:/ethernut-5.1/NutInstall\libnutarch.a(usart1avr.o)
 .text.AvrUsartGetSpeed
                0x00008fda       0x9c C:/ethernut-5.1/NutInstall\libnutarch.a(usart1avr.o)
 .text.AvrUsartSetSpeed
                0x00009076       0x84 C:/ethernut-5.1/NutInstall\libnutarch.a(usart1avr.o)
 .text.AvrUsartDeinit
                0x000090fa       0x26 C:/ethernut-5.1/NutInstall\libnutarch.a(usart1avr.o)
 .text.AvrUsartInit
                0x00009120       0x46 C:/ethernut-5.1/NutInstall\libnutarch.a(usart1avr.o)
 .text.AvrUart0RxIrqCtl
                0x00009166       0x7e C:/ethernut-5.1/NutInstall\libnutarch.a(ih_usart0_rx.o)
 .text.__vector_18
                0x000091e4       0x54 C:/ethernut-5.1/NutInstall\libnutarch.a(ih_usart0_rx.o)
                0x000091e4                __vector_18
 .text.AvrUart0TxDataIrqCtl
                0x00009238       0x70 C:/ethernut-5.1/NutInstall\libnutarch.a(ih_usart0_udre.o)
 .text.__vector_19
                0x000092a8       0x54 C:/ethernut-5.1/NutInstall\libnutarch.a(ih_usart0_udre.o)
                0x000092a8                __vector_19
 .text.AvrUart1RxIrqCtl
                0x000092fc       0xa0 C:/ethernut-5.1/NutInstall\libnutarch.a(ih_usart1_rx.o)
 .text.__vector_30
                0x0000939c       0x54 C:/ethernut-5.1/NutInstall\libnutarch.a(ih_usart1_rx.o)
                0x0000939c                __vector_30
 .text.AvrUart1TxDataIrqCtl
                0x000093f0       0x8e C:/ethernut-5.1/NutInstall\libnutarch.a(ih_usart1_udre.o)
 .text.__vector_31
                0x0000947e       0x54 C:/ethernut-5.1/NutInstall\libnutarch.a(ih_usart1_udre.o)
                0x0000947e                __vector_31
 .text.Delay16Cycles
                0x000094d2       0x22 C:/ethernut-5.1/NutInstall\libnutarch.a(nicrtl.o)
 .text.NicCompleteDma
                0x000094f4       0x1e C:/ethernut-5.1/NutInstall\libnutarch.a(nicrtl.o)
 .text.NicWrite
                0x00009512       0x2c C:/ethernut-5.1/NutInstall\libnutarch.a(nicrtl.o)
 .text.NicInterrupt
                0x0000953e      0x152 C:/ethernut-5.1/NutInstall\libnutarch.a(nicrtl.o)
 .text.NicStart
                0x00009690      0x11c C:/ethernut-5.1/NutInstall\libnutarch.a(nicrtl.o)
 .text.NicInit  0x000097ac       0xb8 C:/ethernut-5.1/NutInstall\libnutarch.a(nicrtl.o)
                0x000097ac                NicInit
 .text.NicOutput
                0x00009864      0x12c C:/ethernut-5.1/NutInstall\libnutarch.a(nicrtl.o)
                0x00009864                NicOutput
 .text.NicRx    0x00009990      0x226 C:/ethernut-5.1/NutInstall\libnutarch.a(nicrtl.o)
                0x00009990                NicRx
 .text.AvrInterrupt5Ctl
                0x00009bb6      0x100 C:/ethernut-5.1/NutInstall\libnutarch.a(ih_int5.o)
 .text.__vector_6
                0x00009cb6       0x54 C:/ethernut-5.1/NutInstall\libnutarch.a(ih_int5.o)
                0x00009cb6                __vector_6
 .text.CallHandler
                0x00009d0a       0x16 C:/ethernut-5.1/NutInstall\libnutdev.a(ihndlr.o)
                0x00009d0a                CallHandler
 .text.NutRegisterIrqHandler
                0x00009d20       0x44 C:/ethernut-5.1/NutInstall\libnutdev.a(ihndlr.o)
                0x00009d20                NutRegisterIrqHandler
 .text.UsartInit
                0x00009d64       0x38 C:/ethernut-5.1/NutInstall\libnutdev.a(usart.o)
                0x00009d64                UsartInit
 .text.UsartSize
                0x00009d9c       0x26 C:/ethernut-5.1/NutInstall\libnutdev.a(usart.o)
                0x00009d9c                UsartSize
 .text.UsartResetBuffer
                0x00009dc2       0x9e C:/ethernut-5.1/NutInstall\libnutdev.a(usart.o)
 .text.UsartIOCtl
                0x00009e60      0x38c C:/ethernut-5.1/NutInstall\libnutdev.a(usart.o)
                0x00009e60                UsartIOCtl
 .text.UsartOpen
                0x0000a1ec       0xf0 C:/ethernut-5.1/NutInstall\libnutdev.a(usart.o)
                0x0000a1ec                UsartOpen
 .text.UsartFlushOutput
                0x0000a2dc       0x8e C:/ethernut-5.1/NutInstall\libnutdev.a(usart.o)
 .text.UsartClose
                0x0000a36a       0x94 C:/ethernut-5.1/NutInstall\libnutdev.a(usart.o)
                0x0000a36a                UsartClose
 .text.UsartRead
                0x0000a3fe      0x1d0 C:/ethernut-5.1/NutInstall\libnutdev.a(usart.o)
                0x0000a3fe                UsartRead
 .text.UsartPut
                0x0000a5ce      0x20c C:/ethernut-5.1/NutInstall\libnutdev.a(usart.o)
 .text.UsartWrite_P
                0x0000a7da       0x10 C:/ethernut-5.1/NutInstall\libnutdev.a(usart.o)
                0x0000a7da                UsartWrite_P
 .text.UsartWrite
                0x0000a7ea       0x10 C:/ethernut-5.1/NutInstall\libnutdev.a(usart.o)
                0x0000a7ea                UsartWrite
 .text.NutNetBufFree
                0x0000a7fa       0x80 C:/ethernut-5.1/NutInstall\libnutdev.a(netbuf.o)
                0x0000a7fa                NutNetBufFree
 .text.NutNetBufAllocData
                0x0000a87a       0x4e C:/ethernut-5.1/NutInstall\libnutdev.a(netbuf.o)
 .text.NutNetBufCollect
                0x0000a8c8      0x134 C:/ethernut-5.1/NutInstall\libnutdev.a(netbuf.o)
                0x0000a8c8                NutNetBufCollect
 .text.NutNetBufClonePart
                0x0000a9fc      0x1c8 C:/ethernut-5.1/NutInstall\libnutdev.a(netbuf.o)
                0x0000a9fc                NutNetBufClonePart
 .text.NutNetBufAlloc
                0x0000abc4       0xe0 C:/ethernut-5.1/NutInstall\libnutdev.a(netbuf.o)
                0x0000abc4                NutNetBufAlloc
 .text.NutNvMemSave
                0x0000aca4        0x6 C:/ethernut-5.1/NutInstall\libnutdev.a(nvmem.o)
                0x0000aca4                NutNvMemSave
 .text.NutNvMemLoad
                0x0000acaa        0x6 C:/ethernut-5.1/NutInstall\libnutdev.a(nvmem.o)
                0x0000acaa                NutNvMemLoad
 .text.NutEtherInput
                0x0000acb0       0x8a C:/ethernut-5.1/NutInstall\libnutnet.a(ethin.o)
                0x0000acb0                NutEtherInput
 .text.NutEtherOutput
                0x0000ad3a       0xc2 C:/ethernut-5.1/NutInstall\libnutnet.a(ethout.o)
                0x0000ad3a                NutEtherOutput
 .text.NutArpInput
                0x0000adfc       0xea C:/ethernut-5.1/NutInstall\libnutnet.a(arpin.o)
                0x0000adfc                NutArpInput
 .text._ioctl   0x0000aee6       0x2a C:/ethernut-5.1/NutInstall\libnutcrt.a(ioctl.o)
                0x0000aee6                _ioctl
 .text.fclose   0x0000af10       0x7c C:/ethernut-5.1/NutInstall\libnutcrt.a(fclose.o)
                0x0000af10                fclose
 .text._fdopen  0x0000af8c       0xae C:/ethernut-5.1/NutInstall\libnutcrt.a(fdopen.o)
                0x0000af8c                _fdopen
 .text.fflush   0x0000b03a       0x24 C:/ethernut-5.1/NutInstall\libnutcrt.a(fflush.o)
                0x0000b03a                fflush
 .text._fileno  0x0000b05e        0x8 C:/ethernut-5.1/NutInstall\libnutcrt.a(fileno.o)
                0x0000b05e                _fileno
 .text._fmode   0x0000b066       0x68 C:/ethernut-5.1/NutInstall\libnutcrt.a(fmode.o)
                0x0000b066                _fmode
 .text.fopen    0x0000b0ce       0xbc C:/ethernut-5.1/NutInstall\libnutcrt.a(fopen.o)
                0x0000b0ce                fopen
 .text.freopen  0x0000b18a       0xe4 C:/ethernut-5.1/NutInstall\libnutcrt.a(freopen.o)
                0x0000b18a                freopen
 .text.fread    0x0000b26e       0x94 C:/ethernut-5.1/NutInstall\libnutcrt.a(fread.o)
                0x0000b26e                fread
 .text.scanf    0x0000b302       0x24 C:/ethernut-5.1/NutInstall\libnutcrt.a(scanf.o)
                0x0000b302                scanf
 .text.vfscanf  0x0000b326       0x28 C:/ethernut-5.1/NutInstall\libnutcrt.a(vfscanf.o)
                0x0000b326                vfscanf
 .text.fwrite   0x0000b34e       0x4e C:/ethernut-5.1/NutInstall\libnutcrt.a(fwrite.o)
                0x0000b34e                fwrite
 .text.printf   0x0000b39c       0x24 C:/ethernut-5.1/NutInstall\libnutcrt.a(printf.o)
                0x0000b39c                printf
 .text.putchar  0x0000b3c0        0xe C:/ethernut-5.1/NutInstall\libnutcrt.a(putchar.o)
                0x0000b3c0                putchar
 .text.puts     0x0000b3ce       0x32 C:/ethernut-5.1/NutInstall\libnutcrt.a(puts.o)
                0x0000b3ce                puts
 .text.vfprintf
                0x0000b400       0x16 C:/ethernut-5.1/NutInstall\libnutcrt.a(vfprintf.o)
                0x0000b400                vfprintf
 .text.sprintf  0x0000b416       0x22 C:/ethernut-5.1/NutInstall\libnutcrt.a(sprintf.o)
                0x0000b416                sprintf
 .text.sscanf   0x0000b438       0x22 C:/ethernut-5.1/NutInstall\libnutcrt.a(sscanf.o)
                0x0000b438                sscanf
 .text.vsprintf
                0x0000b45a       0x32 C:/ethernut-5.1/NutInstall\libnutcrt.a(vsprintf.o)
                0x0000b45a                vsprintf
 .text._sputb   0x0000b48c       0x30 C:/ethernut-5.1/NutInstall\libnutcrt.a(vsprintf.o)
 .text._sgetb   0x0000b4bc       0x36 C:/ethernut-5.1/NutInstall\libnutcrt.a(vsscanf.o)
 .text.vsscanf  0x0000b4f2       0x2c C:/ethernut-5.1/NutInstall\libnutcrt.a(vsscanf.o)
                0x0000b4f2                vsscanf
 .text.calloc   0x0000b51e       0x38 C:/ethernut-5.1/NutInstall\libnutcrt.a(calloc.o)
                0x0000b51e                calloc
 .text.free     0x0000b556        0xc C:/ethernut-5.1/NutInstall\libnutcrt.a(malloc.o)
                0x0000b556                free
 .text.malloc   0x0000b562       0x20 C:/ethernut-5.1/NutInstall\libnutcrt.a(malloc.o)
                0x0000b562                malloc
 .text._close   0x0000b582       0x2c C:/ethernut-5.1/NutInstall\libnutcrt.a(close.o)
                0x0000b582                _close
 .text._open    0x0000b5ae       0xbe C:/ethernut-5.1/NutInstall\libnutcrt.a(open.o)
                0x0000b5ae                _open
 .text._getf    0x0000b66c      0x492 C:/ethernut-5.1/NutInstall\libnutcrt.a(getf.o)
                0x0000b66c                _getf
 .text._read    0x0000bafe       0x32 C:/ethernut-5.1/NutInstall\libnutcrt.a(read.o)
                0x0000bafe                _read
 .text._putpad  0x0000bb30       0x50 C:/ethernut-5.1/NutInstall\libnutcrt.a(putf.o)
 .text._putf    0x0000bb80      0x69e C:/ethernut-5.1/NutInstall\libnutcrt.a(putf.o)
                0x0000bb80                _putf
 .text._write   0x0000c21e       0x32 C:/ethernut-5.1/NutInstall\libnutcrt.a(write.o)
                0x0000c21e                _write
 .text.fputc    0x0000c250       0x3c C:/ethernut-5.1/NutInstall\libnutcrt.a(fputc.o)
                0x0000c250                fputc
 .text.fputs    0x0000c28c       0x20 C:/ethernut-5.1/NutInstall\libnutcrt.a(fputs.o)
                0x0000c28c                fputs
 .text.OnChipNvMemSave
                0x0000c2ac       0x56 C:/ethernut-5.1/NutInstall\libnutarch.a(eeprom.o)
                0x0000c2ac                OnChipNvMemSave
 .text.OnChipNvMemLoad
                0x0000c302       0x10 C:/ethernut-5.1/NutInstall\libnutarch.a(eeprom.o)
                0x0000c302                OnChipNvMemLoad
 .text.libgcc   0x0000c312       0x3e c:/winavr-20100110/bin/../lib/gcc/avr/4.3.3/avr51\libgcc.a(_mulsi3.o)
                0x0000c312                __mulsi3
 .text.libgcc   0x0000c350       0x18 c:/winavr-20100110/bin/../lib/gcc/avr/4.3.3/avr51\libgcc.a(_udivmodqi4.o)
                0x0000c350                __udivmodqi4
 .text.libgcc   0x0000c368       0x28 c:/winavr-20100110/bin/../lib/gcc/avr/4.3.3/avr51\libgcc.a(_udivmodhi4.o)
                0x0000c368                __udivmodhi4
 .text.libgcc   0x0000c390       0x44 c:/winavr-20100110/bin/../lib/gcc/avr/4.3.3/avr51\libgcc.a(_udivmodsi4.o)
                0x0000c390                __udivmodsi4
 .text.avr-libc
                0x0000c3d4      0x25e c:/winavr-20100110/bin/../lib/gcc/avr/4.3.3/../../../../avr/lib/avr51\libc.a(strtol.o)
                0x0000c3d4                strtol
 .text.avr-libc
                0x0000c632       0x10 c:/winavr-20100110/bin/../lib/gcc/avr/4.3.3/../../../../avr/lib/avr51\libc.a(isspace.o)
                0x0000c632                isspace
 .text.avr-libc
                0x0000c642       0x12 c:/winavr-20100110/bin/../lib/gcc/avr/4.3.3/../../../../avr/lib/avr51\libc.a(memcpy_P.o)
                0x0000c642                memcpy_P
 .text.avr-libc
                0x0000c654        0xe c:/winavr-20100110/bin/../lib/gcc/avr/4.3.3/../../../../avr/lib/avr51\libc.a(strcpy_P.o)
                0x0000c654                strcpy_P
 .text.avr-libc
                0x0000c662       0x12 c:/winavr-20100110/bin/../lib/gcc/avr/4.3.3/../../../../avr/lib/avr51\libc.a(strlen_P.o)
                0x0000c662                strlen_P
 .text.avr-libc
                0x0000c674       0x1a c:/winavr-20100110/bin/../lib/gcc/avr/4.3.3/../../../../avr/lib/avr51\libc.a(memchr.o)
                0x0000c674                memchr
 .text.avr-libc
                0x0000c68e       0x1a c:/winavr-20100110/bin/../lib/gcc/avr/4.3.3/../../../../avr/lib/avr51\libc.a(memcmp.o)
                0x0000c68e                memcmp
 .text.avr-libc
                0x0000c6a8       0x12 c:/winavr-20100110/bin/../lib/gcc/avr/4.3.3/../../../../avr/lib/avr51\libc.a(memcpy.o)
                0x0000c6a8                memcpy
 .text.avr-libc
                0x0000c6ba        0xe c:/winavr-20100110/bin/../lib/gcc/avr/4.3.3/../../../../avr/lib/avr51\libc.a(memset.o)
                0x0000c6ba                memset
 .text.avr-libc
                0x0000c6c8       0x12 c:/winavr-20100110/bin/../lib/gcc/avr/4.3.3/../../../../avr/lib/avr51\libc.a(strcmp.o)
                0x0000c6c8                strcmp
 .text.avr-libc
                0x0000c6da        0xe c:/winavr-20100110/bin/../lib/gcc/avr/4.3.3/../../../../avr/lib/avr51\libc.a(strcpy.o)
                0x0000c6da                strcpy
 .text.avr-libc
                0x0000c6e8       0x1c c:/winavr-20100110/bin/../lib/gcc/avr/4.3.3/../../../../avr/lib/avr51\libc.a(strncmp.o)
                0x0000c6e8                strncmp
 .text.avr-libc
                0x0000c704       0x2c c:/winavr-20100110/bin/../lib/gcc/avr/4.3.3/../../../../avr/lib/avr51\libc.a(utoa.o)
                0x0000c704                utoa
 .text.avr-libc
                0x0000c730       0x20 c:/winavr-20100110/bin/../lib/gcc/avr/4.3.3/../../../../avr/lib/avr51\libc.a(eerd_block_atmega128.o)
                0x0000c734                __eerd_blraw_m128
                0x0000c730                __eerd_block_m128
 .text.avr-libc
                0x0000c750       0x10 c:/winavr-20100110/bin/../lib/gcc/avr/4.3.3/../../../../avr/lib/avr51\libc.a(eerd_byte_atmega128.o)
                0x0000c750                __eerd_byte_m128
 .text.avr-libc
                0x0000c760        0xc c:/winavr-20100110/bin/../lib/gcc/avr/4.3.3/../../../../avr/lib/avr51\libc.a(eerd_dword_atmega128.o)
                0x0000c760                __eerd_dword_m128
                0x0000c760                __eerd_float_m128
 .text.avr-libc
                0x0000c76c       0x14 c:/winavr-20100110/bin/../lib/gcc/avr/4.3.3/../../../../avr/lib/avr51\libc.a(eewr_block_atmega128.o)
                0x0000c76c                __eewr_block_m128
 .text.avr-libc
                0x0000c780       0x1a c:/winavr-20100110/bin/../lib/gcc/avr/4.3.3/../../../../avr/lib/avr51\libc.a(eewr_byte_atmega128.o)
                0x0000c782                __eewr_r18_m128
                0x0000c780                __eewr_byte_m128
 .text.avr-libc
                0x0000c79a        0xa c:/winavr-20100110/bin/../lib/gcc/avr/4.3.3/../../../../avr/lib/avr51\libc.a(eewr_word_atmega128.o)
                0x0000c79a                __eewr_word_m128
 .text.avr-libc
                0x0000c7a4        0x6 c:/winavr-20100110/bin/../lib/gcc/avr/4.3.3/../../../../avr/lib/avr51\libc.a(cty_isfalse.o)
                0x0000c7a8                __ctype_istrue
                0x0000c7a4                __ctype_isfalse
 .text.avr-libc
                0x0000c7aa       0x20 c:/winavr-20100110/bin/../lib/gcc/avr/4.3.3/../../../../avr/lib/avr51\libc.a(strrev.o)
                0x0000c7aa                strrev
                0x0000c7ca                . = ALIGN (0x2)
 *(.fini9)
 .fini9         0x0000c7ca        0x0 c:/winavr-20100110/bin/../lib/gcc/avr/4.3.3/avr51\libgcc.a(_exit.o)
                0x0000c7ca                exit
                0x0000c7ca                _exit
 *(.fini9)
 *(.fini8)
 *(.fini8)
 *(.fini7)
 *(.fini7)
 *(.fini6)
 *(.fini6)
 *(.fini5)
 *(.fini5)
 *(.fini4)
 *(.fini4)
 *(.fini3)
 *(.fini3)
 *(.fini2)
 *(.fini2)
 *(.fini1)
 *(.fini1)
 *(.fini0)
 .fini0         0x0000c7ca        0x4 c:/winavr-20100110/bin/../lib/gcc/avr/4.3.3/avr51\libgcc.a(_exit.o)
 *(.fini0)
                0x0000c7ce                _etext = .

.data           0x00800100      0xbd6 load address 0x0000c7ce
                0x00800100                PROVIDE (__data_start, .)
 *(.data)
 .data          0x00800100      0x16f rtu.o
 .data          0x0080026f       0x96 uart.o
 .data          0x00800305      0x577 network.o
                0x00800876                mac
 .data          0x0080087c       0x37 services.o
                0x008008b2                otau_count_channels
 .data          0x008008b3      0x20b text_lcd_MAK101_Rus.o
                0x008008be                font
                0x0080093e                displays
                0x008008fe                font2
 .data          0x00800abe        0xb C:/ethernut-5.1/NutInstall/nutinit.o
                0x00800ac8                idle_sleep_mode
 .data          0x00800ac9        0x6 C:/ethernut-5.1/NutInstall\libnutnet.a(confnet.o)
 .data          0x00800acf        0x6 C:/ethernut-5.1/NutInstall\libnutnet.a(tcpsm.o)
 .data          0x00800ad5       0x20 C:/ethernut-5.1/NutInstall\libnutnet.a(icmpin.o)
 .data          0x00800af5        0xc C:/ethernut-5.1/NutInstall\libnutos.a(confos.o)
 .data          0x00800b01        0x6 C:/ethernut-5.1/NutInstall\libnutarch.a(ih_timer0_comp.o)
                0x00800b01                sig_OUTPUT_COMPARE0
 .data          0x00800b07       0x84 C:/ethernut-5.1/NutInstall\libnutarch.a(usart0avr.o)
                0x00800b07                devUsartAvr0
 .data          0x00800b8b       0x84 C:/ethernut-5.1/NutInstall\libnutarch.a(usart1avr.o)
                0x00800b8b                devUsartAvr1
 .data          0x00800c0f       0x4a C:/ethernut-5.1/NutInstall\libnutarch.a(eth0rtl.o)
                0x00800c0f                devEth0
 .data          0x00800c59        0x6 C:/ethernut-5.1/NutInstall\libnutarch.a(ih_usart0_rx.o)
                0x00800c59                sig_UART0_RECV
 .data          0x00800c5f        0x6 C:/ethernut-5.1/NutInstall\libnutarch.a(ih_usart0_udre.o)
                0x00800c5f                sig_UART0_DATA
 .data          0x00800c65        0x6 C:/ethernut-5.1/NutInstall\libnutarch.a(ih_usart1_rx.o)
                0x00800c65                sig_UART1_RECV
 .data          0x00800c6b        0x6 C:/ethernut-5.1/NutInstall\libnutarch.a(ih_usart1_udre.o)
                0x00800c6b                sig_UART1_DATA
 .data          0x00800c71        0x5 C:/ethernut-5.1/NutInstall\libnutarch.a(nicrtl.o)
 .data          0x00800c76        0x6 C:/ethernut-5.1/NutInstall\libnutarch.a(ih_int5.o)
                0x00800c76                sig_INTERRUPT5
 .data          0x00800c7c       0x10 C:/ethernut-5.1/NutInstall\libnutcrt.a(fopen.o)
                0x00800c7c                __iob
 .data          0x00800c8c       0x49 C:/ethernut-5.1/NutInstall\libnutcrt.a(putf.o)
 *(.data*)
 *(.rodata)
 *(.rodata*)
 *(.gnu.linkonce.d*)
                0x00800cd6                . = ALIGN (0x2)
 *fill*         0x00800cd5        0x1 00
                0x00800cd6                _edata = .
                0x00800cd6                PROVIDE (__data_end, .)

.bss            0x00800cd6      0x109
                0x00800cd6                PROVIDE (__bss_start, .)
 *(.bss)
 .bss           0x00800cd6        0x4 uart.o
                0x00800cd6                uartFile0
                0x00800cd8                uartFile1
 .bss           0x00800cda        0x5 network.o
                0x00800cdb                haveConnectReflect
                0x00800cdc                have_reset_command
                0x00800cdd                pc_loaded
                0x00800cda                haveConnectTelnet
                0x00800cde                bad_work_enable
 .bss           0x00800cdf        0xe services.o
                0x00800ce2                con_otdr
                0x00800ce5                old_tik
                0x00800ce4                power_sw_flag
                0x00800ce1                win_loaded
                0x00800ce3                power_led_flag
                0x00800ce0                enable_timer1_flag
                0x00800cdf                otdr_rs232_manual
 .bss           0x00800ced        0x1 text_lcd_MAK101_Rus.o
                0x00800ced                current_font
 .bss           0x00800cee        0x5 C:/ethernut-5.1/NutInstall\libnutnet.a(tcpsock.o)
                0x00800cee                tcpSocketList
 .bss           0x00800cf3        0x3 C:/ethernut-5.1/NutInstall\libnutnet.a(udpsock.o)
 .bss           0x00800cf6        0x2 C:/ethernut-5.1/NutInstall\libnutnet.a(ipdemux.o)
 .bss           0x00800cf8       0x22 C:/ethernut-5.1/NutInstall\libnutnet.a(inet.o)
 .bss           0x00800d1a       0x1e C:/ethernut-5.1/NutInstall\libnutnet.a(tcpsm.o)
 .bss           0x00800d38        0x2 C:/ethernut-5.1/NutInstall\libnutnet.a(ipin.o)
 .bss           0x00800d3a        0x4 C:/ethernut-5.1/NutInstall\libnutnet.a(arpcache.o)
 .bss           0x00800d3e        0x8 C:/ethernut-5.1/NutInstall\libnutos.a(timer.o)
 .bss           0x00800d46        0x2 C:/ethernut-5.1/NutInstall\libnutos.a(devreg.o)
                0x00800d46                nutDeviceList
 .bss           0x00800d48        0x4 C:/ethernut-5.1/NutInstall\libnutarch.a(ostimer.o)
 .bss           0x00800d4c        0x3 C:/ethernut-5.1/NutInstall\libnutarch.a(usart0avr.o)
 .bss           0x00800d4f        0x3 C:/ethernut-5.1/NutInstall\libnutarch.a(usart1avr.o)
 .bss           0x00800d52       0x26 C:/ethernut-5.1/NutInstall\libnutarch.a(eth0rtl.o)
 *(.bss*)
 *(COMMON)
 COMMON         0x00800d78       0x10 network.o
                0x00800d78                ip_mask
                0x00800d7c                ip_addr
                0x00800d80                ethTelnetFile
                0x00800d82                ip_gateway
                0x00800d86                sockReflect
 COMMON         0x00800d88        0x6 services.o
                0x00800d88                loading_sec
                0x00800d89                loading_min
                0x00800d8a                new_tik
 COMMON         0x00800d8e        0x2 C:/ethernut-5.1/NutInstall\libnutnet.a(udpsock.o)
                0x00800d8e                udpSocketList
 COMMON         0x00800d90        0x2 C:/ethernut-5.1/NutInstall\libnutnet.a(route.o)
                0x00800d90                rteList
 COMMON         0x00800d92       0x20 C:/ethernut-5.1/NutInstall\libnutnet.a(confnet.o)
                0x00800d92                confnet
 COMMON         0x00800db2        0x4 C:/ethernut-5.1/NutInstall\libnutnet.a(tcpsm.o)
                0x00800db2                tcp_in_nbq
                0x00800db4                tcp_in_rdy
 COMMON         0x00800db6        0x2 C:/ethernut-5.1/NutInstall\libnutnet.a(ipin.o)
                0x00800db6                ip_demux
 COMMON         0x00800db8        0x2 C:/ethernut-5.1/NutInstall\libnutos.a(heap.o)
                0x00800db8                heapFreeList
 COMMON         0x00800dba        0x8 C:/ethernut-5.1/NutInstall\libnutos.a(thread.o)
                0x00800dba                nutThreadList
                0x00800dbc                runQueue
                0x00800dbe                runningThread
                0x00800dc0                killedThread
 COMMON         0x00800dc2        0x6 C:/ethernut-5.1/NutInstall\libnutos.a(timer.o)
                0x00800dc2                nutTimerList
                0x00800dc4                nut_ticks
 COMMON         0x00800dc8       0x13 C:/ethernut-5.1/NutInstall\libnutos.a(confos.o)
                0x00800dc8                confos
 COMMON         0x00800ddb        0x2 C:/ethernut-5.1/NutInstall\libnutnet.a(ethin.o)
                0x00800ddb                ether_demux
 COMMON         0x00800ddd        0x2 C:/ethernut-5.1/NutInstall\libnutcrt.a(errno.o)
                0x00800ddd                errno
                0x00800ddf                PROVIDE (__bss_end, .)
                0x0000c7ce                __data_load_start = LOADADDR (.data)
                0x0000d3a4                __data_load_end = (__data_load_start + SIZEOF (.data))

.noinit         0x00800ddf        0x0
                0x00800ddf                PROVIDE (__noinit_start, .)
 *(.noinit*)
                0x00800ddf                PROVIDE (__noinit_end, .)
                0x00800ddf                _end = .
                0x00800ddf                PROVIDE (__heap_start, .)

.eeprom         0x00810000        0x0
 *(.eeprom*)
                0x00810000                __eeprom_end = .

.fuse
 *(.fuse)
 *(.lfuse)
 *(.hfuse)
 *(.efuse)

.lock
 *(.lock*)

.signature
 *(.signature*)

.stab
 *(.stab)

.stabstr
 *(.stabstr)

.stab.excl
 *(.stab.excl)

.stab.exclstr
 *(.stab.exclstr)

.stab.index
 *(.stab.index)

.stab.indexstr
 *(.stab.indexstr)

.comment
 *(.comment)

.debug
 *(.debug)

.line
 *(.line)

.debug_srcinfo
 *(.debug_srcinfo)

.debug_sfnames
 *(.debug_sfnames)

.debug_aranges
 *(.debug_aranges)

.debug_pubnames
 *(.debug_pubnames)

.debug_info
 *(.debug_info)
 *(.gnu.linkonce.wi.*)

.debug_abbrev
 *(.debug_abbrev)

.debug_line
 *(.debug_line)

.debug_frame
 *(.debug_frame)

.debug_str
 *(.debug_str)

.debug_loc
 *(.debug_loc)

.debug_macinfo
 *(.debug_macinfo)
OUTPUT(rtu.elf elf32-avr)
LOAD linker stubs

.uartloader     0x0001f000       0x52
 .uartloader    0x0001f000       0x52 uart.o
                0x0001f000                uart0_send
                0x0001f030                uart0_rec_buff
                0x0001f010                uart0_send_buff
                0x0001f008                uart0_rec

.bootloader     0x0001f086      0x566
 .bootloader    0x0001f086      0x566 services.o
                0x0001f086                boot

Cross Reference Table

Symbol                                            File
CallHandler                                       C:/ethernut-5.1/NutInstall\libnutdev.a(ihndlr.o)
                                                  C:/ethernut-5.1/NutInstall\libnutarch.a(ih_int5.o)
                                                  C:/ethernut-5.1/NutInstall\libnutarch.a(ih_usart1_udre.o)
                                                  C:/ethernut-5.1/NutInstall\libnutarch.a(ih_usart1_rx.o)
                                                  C:/ethernut-5.1/NutInstall\libnutarch.a(ih_usart0_udre.o)
                                                  C:/ethernut-5.1/NutInstall\libnutarch.a(ih_usart0_rx.o)
                                                  C:/ethernut-5.1/NutInstall\libnutarch.a(ih_timer0_comp.o)
GetThreadByName                                   C:/ethernut-5.1/NutInstall\libnutos.a(thread.o)
NicInit                                           C:/ethernut-5.1/NutInstall\libnutarch.a(nicrtl.o)
                                                  C:/ethernut-5.1/NutInstall\libnutarch.a(eth0rtl.o)
NicOutput                                         C:/ethernut-5.1/NutInstall\libnutarch.a(nicrtl.o)
                                                  C:/ethernut-5.1/NutInstall\libnutarch.a(eth0rtl.o)
NicRx                                             C:/ethernut-5.1/NutInstall\libnutarch.a(nicrtl.o)
NutAppMain                                        rtu.o
                                                  C:/ethernut-5.1/NutInstall/nutinit.o
NutArchClockGet                                   C:/ethernut-5.1/NutInstall\libnutarch.a(ostimer.o)
                                                  C:/ethernut-5.1/NutInstall\libnutos.a(timer.o)
NutArpAllocNetBuf                                 C:/ethernut-5.1/NutInstall\libnutnet.a(arpout.o)
                                                  C:/ethernut-5.1/NutInstall\libnutnet.a(arpin.o)
                                                  C:/ethernut-5.1/NutInstall\libnutnet.a(arpcache.o)
NutArpCacheQuery                                  C:/ethernut-5.1/NutInstall\libnutnet.a(arpcache.o)
                                                  C:/ethernut-5.1/NutInstall\libnutnet.a(ipout.o)
NutArpCacheUpdate                                 C:/ethernut-5.1/NutInstall\libnutnet.a(arpcache.o)
                                                  C:/ethernut-5.1/NutInstall\libnutnet.a(arpin.o)
NutArpInput                                       C:/ethernut-5.1/NutInstall\libnutnet.a(arpin.o)
                                                  C:/ethernut-5.1/NutInstall\libnutnet.a(ethin.o)
NutArpOutput                                      C:/ethernut-5.1/NutInstall\libnutnet.a(arpout.o)
                                                  C:/ethernut-5.1/NutInstall\libnutnet.a(arpin.o)
                                                  C:/ethernut-5.1/NutInstall\libnutnet.a(arpcache.o)
NutClockSet                                       C:/ethernut-5.1/NutInstall\libnutos.a(timer.o)
NutDelay                                          C:/ethernut-5.1/NutInstall\libnutos.a(timer.o)
                                                  C:/ethernut-5.1/NutInstall\libnutarch.a(nicrtl.o)
                                                  C:/ethernut-5.1/NutInstall\libnutarch.a(usart1avr.o)
                                                  C:/ethernut-5.1/NutInstall\libnutarch.a(usart0avr.o)
NutDeviceLookup                                   C:/ethernut-5.1/NutInstall\libnutos.a(devreg.o)
                                                  C:/ethernut-5.1/NutInstall\libnutcrt.a(open.o)
                                                  C:/ethernut-5.1/NutInstall\libnutnet.a(ifconfig.o)
NutDeviceLookupType                               C:/ethernut-5.1/NutInstall\libnutos.a(devreg.o)
NutEtherInput                                     C:/ethernut-5.1/NutInstall\libnutnet.a(ethin.o)
                                                  C:/ethernut-5.1/NutInstall\libnutarch.a(eth0rtl.o)
NutEtherOutput                                    C:/ethernut-5.1/NutInstall\libnutnet.a(ethout.o)
                                                  C:/ethernut-5.1/NutInstall\libnutarch.a(eth0rtl.o)
NutEventBroadcast                                 C:/ethernut-5.1/NutInstall\libnutos.a(event.o)
                                                  C:/ethernut-5.1/NutInstall\libnutdev.a(usart.o)
                                                  C:/ethernut-5.1/NutInstall\libnutnet.a(arpcache.o)
                                                  C:/ethernut-5.1/NutInstall\libnutnet.a(tcpsm.o)
                                                  C:/ethernut-5.1/NutInstall\libnutnet.a(ifconfig.o)
NutEventBroadcastAsync                            C:/ethernut-5.1/NutInstall\libnutos.a(event.o)
                                                  C:/ethernut-5.1/NutInstall\libnutnet.a(arpcache.o)
NutEventPost                                      C:/ethernut-5.1/NutInstall\libnutos.a(event.o)
                                                  C:/ethernut-5.1/NutInstall\libnutnet.a(udpin.o)
                                                  C:/ethernut-5.1/NutInstall\libnutnet.a(tcpsm.o)
                                                  C:/ethernut-5.1/NutInstall\libnutnet.a(udpsock.o)
NutEventPostAsync                                 C:/ethernut-5.1/NutInstall\libnutos.a(event.o)
                                                  C:/ethernut-5.1/NutInstall\libnutos.a(thread.o)
                                                  C:/ethernut-5.1/NutInstall\libnutnet.a(tcpsm.o)
NutEventTimeout                                   C:/ethernut-5.1/NutInstall\libnutos.a(event.o)
NutEventWait                                      C:/ethernut-5.1/NutInstall\libnutos.a(event.o)
                                                  C:/ethernut-5.1/NutInstall\libnutdev.a(usart.o)
                                                  C:/ethernut-5.1/NutInstall\libnutarch.a(nicrtl.o)
                                                  C:/ethernut-5.1/NutInstall\libnutnet.a(arpcache.o)
                                                  C:/ethernut-5.1/NutInstall\libnutnet.a(tcpsm.o)
                                                  C:/ethernut-5.1/NutInstall\libnutnet.a(ifconfig.o)
                                                  C:/ethernut-5.1/NutInstall\libnutnet.a(udpsock.o)
                                                  C:/ethernut-5.1/NutInstall\libnutnet.a(tcpsock.o)
NutEventWaitNext                                  C:/ethernut-5.1/NutInstall\libnutos.a(event.o)
                                                  C:/ethernut-5.1/NutInstall\libnutdev.a(usart.o)
                                                  services.o
NutGetCpuClock                                    C:/ethernut-5.1/NutInstall\libnutos.a(timer.o)
                                                  C:/ethernut-5.1/NutInstall\libnutarch.a(usart1avr.o)
                                                  C:/ethernut-5.1/NutInstall\libnutarch.a(usart0avr.o)
NutGetMillis                                      C:/ethernut-5.1/NutInstall\libnutos.a(timer.o)
                                                  C:/ethernut-5.1/NutInstall\libnutnet.a(tcputil.o)
                                                  C:/ethernut-5.1/NutInstall\libnutnet.a(tcpsm.o)
                                                  C:/ethernut-5.1/NutInstall\libnutnet.a(tcpout.o)
                                                  C:/ethernut-5.1/NutInstall\libnutnet.a(udpsock.o)
                                                  C:/ethernut-5.1/NutInstall\libnutnet.a(tcpsock.o)
                                                  services.o
NutGetSeconds                                     C:/ethernut-5.1/NutInstall\libnutos.a(timer.o)
                                                  C:/ethernut-5.1/NutInstall\libnutnet.a(arpcache.o)
NutGetTickClock                                   C:/ethernut-5.1/NutInstall\libnutarch.a(ostimer.o)
                                                  C:/ethernut-5.1/NutInstall\libnutos.a(timer.o)
NutGetTickCount                                   C:/ethernut-5.1/NutInstall\libnutos.a(timer.o)
                                                  C:/ethernut-5.1/NutInstall\libnutnet.a(tcpsock.o)
NutHeapCheck                                      C:/ethernut-5.1/NutInstall\libnutos.a(heap.o)
NutHeapDump                                       C:/ethernut-5.1/NutInstall\libnutos.a(heap.o)
NutHeapRootAdd                                    C:/ethernut-5.1/NutInstall\libnutos.a(heap.o)
                                                  C:/ethernut-5.1/NutInstall/nutinit.o
NutHeapRootAlloc                                  C:/ethernut-5.1/NutInstall\libnutos.a(heap.o)
                                                  C:/ethernut-5.1/NutInstall\libnutcrt.a(malloc.o)
                                                  C:/ethernut-5.1/NutInstall\libnutdev.a(netbuf.o)
                                                  C:/ethernut-5.1/NutInstall\libnutarch.a(context_gcc.o)
                                                  C:/ethernut-5.1/NutInstall\libnutos.a(timer.o)
                                                  C:/ethernut-5.1/NutInstall\libnutnet.a(tcpsock.o)
NutHeapRootAllocClear                             C:/ethernut-5.1/NutInstall\libnutos.a(heap.o)
                                                  C:/ethernut-5.1/NutInstall\libnutdev.a(netbuf.o)
NutHeapRootAvailable                              C:/ethernut-5.1/NutInstall\libnutos.a(heap.o)
                                                  C:/ethernut-5.1/NutInstall\libnutnet.a(tcpsm.o)
NutHeapRootFree                                   C:/ethernut-5.1/NutInstall\libnutos.a(heap.o)
                                                  C:/ethernut-5.1/NutInstall\libnutcrt.a(malloc.o)
                                                  C:/ethernut-5.1/NutInstall\libnutdev.a(netbuf.o)
                                                  C:/ethernut-5.1/NutInstall\libnutos.a(timer.o)
                                                  C:/ethernut-5.1/NutInstall\libnutos.a(thread.o)
                                                  C:/ethernut-5.1/NutInstall\libnutnet.a(tcpsock.o)
NutHeapRootRealloc                                C:/ethernut-5.1/NutInstall\libnutos.a(heap.o)
NutHeapRootRegionAvailable                        C:/ethernut-5.1/NutInstall\libnutos.a(heap.o)
NutIcmpInput                                      C:/ethernut-5.1/NutInstall\libnutnet.a(icmpin.o)
                                                  C:/ethernut-5.1/NutInstall\libnutnet.a(ipin.o)
NutIcmpOutput                                     C:/ethernut-5.1/NutInstall\libnutnet.a(icmpout.o)
                                                  C:/ethernut-5.1/NutInstall\libnutnet.a(icmpin.o)
NutIcmpReply                                      C:/ethernut-5.1/NutInstall\libnutnet.a(icmpout.o)
NutIcmpResponse                                   C:/ethernut-5.1/NutInstall\libnutnet.a(icmpout.o)
                                                  C:/ethernut-5.1/NutInstall\libnutnet.a(ipin.o)
                                                  C:/ethernut-5.1/NutInstall\libnutnet.a(udpin.o)
NutIdle                                           C:/ethernut-5.1/NutInstall/nutinit.o
NutIgmpInput                                      C:/ethernut-5.1/NutInstall\libnutnet.a(igmpin.o)
                                                  C:/ethernut-5.1/NutInstall\libnutnet.a(ipin.o)
NutIgmpJoinGroup                                  C:/ethernut-5.1/NutInstall\libnutnet.a(igmp.o)
                                                  C:/ethernut-5.1/NutInstall\libnutnet.a(igmpin.o)
                                                  C:/ethernut-5.1/NutInstall\libnutnet.a(ifconfig.o)
NutIgmpLeaveGroup                                 C:/ethernut-5.1/NutInstall\libnutnet.a(igmp.o)
                                                  C:/ethernut-5.1/NutInstall\libnutnet.a(ifconfig.o)
NutInit                                           C:/ethernut-5.1/NutInstall/nutinit.o
NutIpChkSum                                       C:/ethernut-5.1/NutInstall\libnutnet.a(ipcsum.o)
                                                  C:/ethernut-5.1/NutInstall\libnutnet.a(igmp.o)
                                                  C:/ethernut-5.1/NutInstall\libnutnet.a(icmpout.o)
                                                  C:/ethernut-5.1/NutInstall\libnutnet.a(ipout.o)
                                                  C:/ethernut-5.1/NutInstall\libnutnet.a(udpout.o)
                                                  C:/ethernut-5.1/NutInstall\libnutnet.a(tcpout.o)
NutIpChkSumPartial                                C:/ethernut-5.1/NutInstall\libnutnet.a(ipcsum.o)
                                                  C:/ethernut-5.1/NutInstall\libnutnet.a(icmpout.o)
                                                  C:/ethernut-5.1/NutInstall\libnutnet.a(udpout.o)
                                                  C:/ethernut-5.1/NutInstall\libnutnet.a(tcpout.o)
NutIpForward                                      C:/ethernut-5.1/NutInstall\libnutnet.a(ipout.o)
                                                  C:/ethernut-5.1/NutInstall\libnutnet.a(ipin.o)
NutIpInput                                        C:/ethernut-5.1/NutInstall\libnutnet.a(ipin.o)
                                                  C:/ethernut-5.1/NutInstall\libnutnet.a(ethin.o)
NutIpOutput                                       C:/ethernut-5.1/NutInstall\libnutnet.a(ipout.o)
                                                  C:/ethernut-5.1/NutInstall\libnutnet.a(igmp.o)
                                                  C:/ethernut-5.1/NutInstall\libnutnet.a(icmpout.o)
                                                  C:/ethernut-5.1/NutInstall\libnutnet.a(udpout.o)
                                                  C:/ethernut-5.1/NutInstall\libnutnet.a(tcpsm.o)
                                                  C:/ethernut-5.1/NutInstall\libnutnet.a(tcpout.o)
NutIpPseudoChkSumPartial                          C:/ethernut-5.1/NutInstall\libnutnet.a(ipcsum.o)
                                                  C:/ethernut-5.1/NutInstall\libnutnet.a(udpout.o)
                                                  C:/ethernut-5.1/NutInstall\libnutnet.a(tcpout.o)
NutIpRouteAdd                                     C:/ethernut-5.1/NutInstall\libnutnet.a(route.o)
                                                  C:/ethernut-5.1/NutInstall\libnutnet.a(ifconfig.o)
                                                  rtu.o
NutIpRouteDel                                     C:/ethernut-5.1/NutInstall\libnutnet.a(route.o)
NutIpRouteDelAll                                  C:/ethernut-5.1/NutInstall\libnutnet.a(route.o)
NutIpRouteList                                    C:/ethernut-5.1/NutInstall\libnutnet.a(route.o)
NutIpRouteQuery                                   C:/ethernut-5.1/NutInstall\libnutnet.a(route.o)
                                                  C:/ethernut-5.1/NutInstall\libnutnet.a(ipout.o)
                                                  C:/ethernut-5.1/NutInstall\libnutnet.a(udpout.o)
                                                  C:/ethernut-5.1/NutInstall\libnutnet.a(tcpsm.o)
                                                  C:/ethernut-5.1/NutInstall\libnutnet.a(tcpsock.o)
NutIpSetInputFilter                               C:/ethernut-5.1/NutInstall\libnutnet.a(ipin.o)
NutIrqDisable                                     C:/ethernut-5.1/NutInstall\libnutdev.a(ihndlr.o)
NutIrqEnable                                      C:/ethernut-5.1/NutInstall\libnutdev.a(ihndlr.o)
NutIrqGetPriority                                 C:/ethernut-5.1/NutInstall\libnutdev.a(ihndlr.o)
NutIrqSetMode                                     C:/ethernut-5.1/NutInstall\libnutdev.a(ihndlr.o)
NutIrqSetPriority                                 C:/ethernut-5.1/NutInstall\libnutdev.a(ihndlr.o)
NutIrqStatus                                      C:/ethernut-5.1/NutInstall\libnutdev.a(ihndlr.o)
NutLoadConfig                                     C:/ethernut-5.1/NutInstall\libnutos.a(confos.o)
                                                  C:/ethernut-5.1/NutInstall/nutinit.o
NutMicroDelay                                     C:/ethernut-5.1/NutInstall\libnutos.a(timer.o)
NutNetBufAlloc                                    C:/ethernut-5.1/NutInstall\libnutdev.a(netbuf.o)
                                                  C:/ethernut-5.1/NutInstall\libnutnet.a(ethout.o)
                                                  C:/ethernut-5.1/NutInstall\libnutarch.a(nicrtl.o)
                                                  C:/ethernut-5.1/NutInstall\libnutnet.a(arpout.o)
                                                  C:/ethernut-5.1/NutInstall\libnutnet.a(igmp.o)
                                                  C:/ethernut-5.1/NutInstall\libnutnet.a(icmpout.o)
                                                  C:/ethernut-5.1/NutInstall\libnutnet.a(ipout.o)
                                                  C:/ethernut-5.1/NutInstall\libnutnet.a(udpout.o)
                                                  C:/ethernut-5.1/NutInstall\libnutnet.a(tcpout.o)
                                                  C:/ethernut-5.1/NutInstall\libnutnet.a(udpsock.o)
NutNetBufClone                                    C:/ethernut-5.1/NutInstall\libnutdev.a(netbuf.o)
NutNetBufClonePart                                C:/ethernut-5.1/NutInstall\libnutdev.a(netbuf.o)
                                                  C:/ethernut-5.1/NutInstall\libnutnet.a(ipout.o)
                                                  C:/ethernut-5.1/NutInstall\libnutnet.a(tcpout.o)
NutNetBufCollect                                  C:/ethernut-5.1/NutInstall\libnutdev.a(netbuf.o)
                                                  C:/ethernut-5.1/NutInstall\libnutnet.a(tcpsm.o)
NutNetBufFree                                     C:/ethernut-5.1/NutInstall\libnutdev.a(netbuf.o)
                                                  C:/ethernut-5.1/NutInstall\libnutnet.a(arpin.o)
                                                  C:/ethernut-5.1/NutInstall\libnutnet.a(ethout.o)
                                                  C:/ethernut-5.1/NutInstall\libnutnet.a(ethin.o)
                                                  C:/ethernut-5.1/NutInstall\libnutnet.a(arpcache.o)
                                                  C:/ethernut-5.1/NutInstall\libnutnet.a(igmpin.o)
                                                  C:/ethernut-5.1/NutInstall\libnutnet.a(icmpin.o)
                                                  C:/ethernut-5.1/NutInstall\libnutnet.a(ipout.o)
                                                  C:/ethernut-5.1/NutInstall\libnutnet.a(ipin.o)
                                                  C:/ethernut-5.1/NutInstall\libnutnet.a(udpin.o)
                                                  C:/ethernut-5.1/NutInstall\libnutnet.a(tcpsm.o)
                                                  C:/ethernut-5.1/NutInstall\libnutnet.a(tcpout.o)
                                                  C:/ethernut-5.1/NutInstall\libnutnet.a(tcpin.o)
                                                  C:/ethernut-5.1/NutInstall\libnutnet.a(udpsock.o)
                                                  C:/ethernut-5.1/NutInstall\libnutnet.a(tcpsock.o)
NutNetIfAddMcastAddr                              C:/ethernut-5.1/NutInstall\libnutnet.a(ifconfig.o)
NutNetIfConfig                                    C:/ethernut-5.1/NutInstall\libnutnet.a(ifconfig.o)
                                                  rtu.o
NutNetIfConfig2                                   C:/ethernut-5.1/NutInstall\libnutnet.a(ifconfig.o)
NutNetIfDelMcastAddr                              C:/ethernut-5.1/NutInstall\libnutnet.a(ifconfig.o)
NutNetIfSetup                                     C:/ethernut-5.1/NutInstall\libnutnet.a(ifconfig.o)
NutNetLoadConfig                                  C:/ethernut-5.1/NutInstall\libnutnet.a(confnet.o)
                                                  C:/ethernut-5.1/NutInstall\libnutarch.a(nicrtl.o)
                                                  network.o
NutNetSaveConfig                                  C:/ethernut-5.1/NutInstall\libnutnet.a(confnet.o)
                                                  C:/ethernut-5.1/NutInstall\libnutnet.a(ifconfig.o)
                                                  network.o
NutNvMemLoad                                      C:/ethernut-5.1/NutInstall\libnutdev.a(nvmem.o)
                                                  C:/ethernut-5.1/NutInstall\libnutos.a(confos.o)
                                                  C:/ethernut-5.1/NutInstall\libnutnet.a(confnet.o)
NutNvMemSave                                      C:/ethernut-5.1/NutInstall\libnutdev.a(nvmem.o)
                                                  C:/ethernut-5.1/NutInstall\libnutos.a(confos.o)
                                                  C:/ethernut-5.1/NutInstall\libnutnet.a(confnet.o)
NutRegisterDevice                                 C:/ethernut-5.1/NutInstall\libnutos.a(devreg.o)
                                                  uart.o
                                                  rtu.o
NutRegisterIpHandler                              C:/ethernut-5.1/NutInstall\libnutnet.a(ipdemux.o)
                                                  C:/ethernut-5.1/NutInstall\libnutnet.a(udpsock.o)
                                                  C:/ethernut-5.1/NutInstall\libnutnet.a(tcpsock.o)
NutRegisterIrqHandler                             C:/ethernut-5.1/NutInstall\libnutdev.a(ihndlr.o)
                                                  C:/ethernut-5.1/NutInstall\libnutarch.a(nicrtl.o)
                                                  C:/ethernut-5.1/NutInstall\libnutarch.a(usart1avr.o)
                                                  C:/ethernut-5.1/NutInstall\libnutarch.a(usart0avr.o)
                                                  C:/ethernut-5.1/NutInstall\libnutarch.a(ostimer.o)
NutRegisterTimer                                  C:/ethernut-5.1/NutInstall\libnutarch.a(ostimer.o)
                                                  C:/ethernut-5.1/NutInstall\libnutos.a(timer.o)
NutSaveConfig                                     C:/ethernut-5.1/NutInstall\libnutos.a(confos.o)
NutSleep                                          C:/ethernut-5.1/NutInstall\libnutos.a(timer.o)
                                                  C:/ethernut-5.1/NutInstall\libnutarch.a(nicrtl.o)
                                                  services.o
NutTcpAbortSocket                                 C:/ethernut-5.1/NutInstall\libnutnet.a(tcpsm.o)
                                                  C:/ethernut-5.1/NutInstall\libnutnet.a(icmpin.o)
NutTcpAccept                                      C:/ethernut-5.1/NutInstall\libnutnet.a(tcpsock.o)
                                                  network.o
NutTcpCalcRtt                                     C:/ethernut-5.1/NutInstall\libnutnet.a(tcputil.o)
                                                  C:/ethernut-5.1/NutInstall\libnutnet.a(tcpsm.o)
NutTcpCloseSocket                                 C:/ethernut-5.1/NutInstall\libnutnet.a(tcpsock.o)
                                                  network.o
NutTcpConnect                                     C:/ethernut-5.1/NutInstall\libnutnet.a(tcpsock.o)
NutTcpCreateSocket                                C:/ethernut-5.1/NutInstall\libnutnet.a(tcpsock.o)
                                                  network.o
NutTcpDestroySocket                               C:/ethernut-5.1/NutInstall\libnutnet.a(tcpsock.o)
                                                  C:/ethernut-5.1/NutInstall\libnutnet.a(tcpsm.o)
NutTcpDeviceIOCtl                                 C:/ethernut-5.1/NutInstall\libnutnet.a(tcpsock.o)
NutTcpDeviceRead                                  C:/ethernut-5.1/NutInstall\libnutnet.a(tcpsock.o)
NutTcpDeviceWrite                                 C:/ethernut-5.1/NutInstall\libnutnet.a(tcpsock.o)
NutTcpDeviceWrite_P                               C:/ethernut-5.1/NutInstall\libnutnet.a(tcpsock.o)
NutTcpDiscardBuffers                              C:/ethernut-5.1/NutInstall\libnutnet.a(tcpsock.o)
                                                  C:/ethernut-5.1/NutInstall\libnutnet.a(tcpsm.o)
NutTcpError                                       C:/ethernut-5.1/NutInstall\libnutnet.a(tcpsock.o)
                                                  network.o
NutTcpFindSocket                                  C:/ethernut-5.1/NutInstall\libnutnet.a(tcpsock.o)
                                                  C:/ethernut-5.1/NutInstall\libnutnet.a(icmpin.o)
                                                  C:/ethernut-5.1/NutInstall\libnutnet.a(tcpsm.o)
NutTcpGetSockOpt                                  C:/ethernut-5.1/NutInstall\libnutnet.a(tcpsock.o)
                                                  network.o
NutTcpInitStateMachine                            C:/ethernut-5.1/NutInstall\libnutnet.a(tcpsm.o)
                                                  C:/ethernut-5.1/NutInstall\libnutnet.a(tcpsock.o)
NutTcpInput                                       C:/ethernut-5.1/NutInstall\libnutnet.a(tcpin.o)
                                                  C:/ethernut-5.1/NutInstall\libnutnet.a(tcpsock.o)
NutTcpOutput                                      C:/ethernut-5.1/NutInstall\libnutnet.a(tcpout.o)
                                                  C:/ethernut-5.1/NutInstall\libnutnet.a(tcpsm.o)
                                                  C:/ethernut-5.1/NutInstall\libnutnet.a(tcpsock.o)
NutTcpReceive                                     C:/ethernut-5.1/NutInstall\libnutnet.a(tcpsock.o)
                                                  network.o
NutTcpReject                                      C:/ethernut-5.1/NutInstall\libnutnet.a(tcpout.o)
                                                  C:/ethernut-5.1/NutInstall\libnutnet.a(tcpsm.o)
NutTcpSend                                        C:/ethernut-5.1/NutInstall\libnutnet.a(tcpsock.o)
                                                  spi.o
                                                  network.o
NutTcpSetSockOpt                                  C:/ethernut-5.1/NutInstall\libnutnet.a(tcpsock.o)
                                                  network.o
NutTcpSm                                          C:/ethernut-5.1/NutInstall\libnutnet.a(tcpsm.o)
NutTcpStateActiveOpenEvent                        C:/ethernut-5.1/NutInstall\libnutnet.a(tcpsm.o)
                                                  C:/ethernut-5.1/NutInstall\libnutnet.a(tcpsock.o)
NutTcpStateCloseEvent                             C:/ethernut-5.1/NutInstall\libnutnet.a(tcpsm.o)
                                                  C:/ethernut-5.1/NutInstall\libnutnet.a(tcpsock.o)
NutTcpStateMachine                                C:/ethernut-5.1/NutInstall\libnutnet.a(tcpsm.o)
                                                  C:/ethernut-5.1/NutInstall\libnutnet.a(tcpin.o)
NutTcpStatePassiveOpenEvent                       C:/ethernut-5.1/NutInstall\libnutnet.a(tcpsm.o)
                                                  C:/ethernut-5.1/NutInstall\libnutnet.a(tcpsock.o)
NutTcpStateRetranTimeout                          C:/ethernut-5.1/NutInstall\libnutnet.a(tcpsm.o)
NutTcpStateWindowEvent                            C:/ethernut-5.1/NutInstall\libnutnet.a(tcpsm.o)
                                                  C:/ethernut-5.1/NutInstall\libnutnet.a(tcpsock.o)
NutThreadAddPriQueue                              C:/ethernut-5.1/NutInstall\libnutos.a(thread.o)
                                                  C:/ethernut-5.1/NutInstall\libnutarch.a(context_gcc.o)
                                                  C:/ethernut-5.1/NutInstall\libnutos.a(event.o)
NutThreadCreate                                   C:/ethernut-5.1/NutInstall\libnutarch.a(context_gcc.o)
                                                  C:/ethernut-5.1/NutInstall\libnutarch.a(nicrtl.o)
                                                  C:/ethernut-5.1/NutInstall\libnutnet.a(tcpsm.o)
                                                  C:/ethernut-5.1/NutInstall/nutinit.o
                                                  rtu.o
NutThreadDestroy                                  C:/ethernut-5.1/NutInstall\libnutos.a(thread.o)
                                                  C:/ethernut-5.1/NutInstall/nutinit.o
NutThreadExit                                     C:/ethernut-5.1/NutInstall\libnutos.a(thread.o)
NutThreadKill                                     C:/ethernut-5.1/NutInstall\libnutos.a(thread.o)
NutThreadRemoveQueue                              C:/ethernut-5.1/NutInstall\libnutos.a(thread.o)
                                                  C:/ethernut-5.1/NutInstall\libnutos.a(event.o)
                                                  C:/ethernut-5.1/NutInstall\libnutos.a(timer.o)
NutThreadResume                                   C:/ethernut-5.1/NutInstall\libnutos.a(thread.o)
                                                  C:/ethernut-5.1/NutInstall\libnutos.a(event.o)
                                                  C:/ethernut-5.1/NutInstall\libnutos.a(timer.o)
NutThreadSetPriority                              C:/ethernut-5.1/NutInstall\libnutos.a(thread.o)
                                                  C:/ethernut-5.1/NutInstall\libnutarch.a(nicrtl.o)
                                                  C:/ethernut-5.1/NutInstall\libnutnet.a(tcpsm.o)
                                                  C:/ethernut-5.1/NutInstall/nutinit.o
NutThreadSetSleepMode                             C:/ethernut-5.1/NutInstall/nutinit.o
NutThreadStackAvailable                           C:/ethernut-5.1/NutInstall\libnutos.a(thread.o)