GAS LISTING C:\Users\hag\AppData\Local\Temp/cc7fSeCk.s 			page 1


   1               		.file	"spi.c"
   2               	__SREG__ = 0x3f
   3               	__SP_H__ = 0x3e
   4               	__SP_L__ = 0x3d
   5               	__CCP__  = 0x34
   6               	__tmp_reg__ = 0
   7               	__zero_reg__ = 1
   8               		.section	.text.SPI_init,"ax",@progbits
   9               	.global	SPI_init
  10               		.type	SPI_init, @function
  11               	SPI_init:
  12               	/* prologue: function */
  13               	/* frame size = 0 */
  14 0000 BB98      		cbi 55-32,3
  15 0002 BA9A      		sbi 55-32,2
  16 0004 B99A      		sbi 55-32,1
  17 0006 B89A      		sbi 55-32,0
  18 0008 C09A      		sbi 56-32,0
  19 000a 81E5      		ldi r24,lo8(81)
  20 000c 8DB9      		out 45-32,r24
  21 000e 81E0      		ldi r24,lo8(1)
  22 0010 8EB9      		out 46-32,r24
  23 0012 8EB1      		in r24,46-32
  24 0014 8FB1      		in r24,47-32
  25               	/* epilogue start */
  26 0016 0895      		ret
  27               		.size	SPI_init, .-SPI_init
  28               		.section	.text.SPI_have_data,"ax",@progbits
  29               	.global	SPI_have_data
  30               		.type	SPI_have_data, @function
  31               	SPI_have_data:
  32               	/* prologue: function */
  33               	/* frame size = 0 */
  34 0000 80B3      		in r24,48-32
  35 0002 8095      		com r24
  36 0004 8170      		andi r24,lo8(1)
  37               	/* epilogue start */
  38 0006 0895      		ret
  39               		.size	SPI_have_data, .-SPI_have_data
  40               		.section	.text.SPI_write_byte,"ax",@progbits
  41               	.global	SPI_write_byte
  42               		.type	SPI_write_byte, @function
  43               	SPI_write_byte:
  44               	/* prologue: function */
  45               	/* frame size = 0 */
  46 0000 C098      		cbi 56-32,0
  47               	/* #APP */
  48               	 ;  39 "spi.c" 1
  49 0002 0000      		nop
  50               	 ;  0 "" 2
  51               	/* #NOAPP */
  52 0004 8FB9      		out 47-32,r24
  53               	.L6:
  54 0006 779B      		sbis 46-32,7
  55 0008 00C0      		rjmp .L6
  56               	/* #APP */
  57               	 ;  42 "spi.c" 1
GAS LISTING C:\Users\hag\AppData\Local\Temp/cc7fSeCk.s 			page 2


  58 000a 0000      		nop
  59               	 ;  0 "" 2
  60               	/* #NOAPP */
  61 000c C09A      		sbi 56-32,0
  62               	/* epilogue start */
  63 000e 0895      		ret
  64               		.size	SPI_write_byte, .-SPI_write_byte
  65               		.section	.text.SPI_read_byte,"ax",@progbits
  66               	.global	SPI_read_byte
  67               		.type	SPI_read_byte, @function
  68               	SPI_read_byte:
  69               	/* prologue: function */
  70               	/* frame size = 0 */
  71 0000 85E5      		ldi r24,lo8(85)
  72 0002 0E94 0000 		call SPI_write_byte
  73 0006 8FB1      		in r24,47-32
  74               	/* epilogue start */
  75 0008 0895      		ret
  76               		.size	SPI_read_byte, .-SPI_read_byte
  77               		.section	.text.SPI_read_buffer,"ax",@progbits
  78               	.global	SPI_read_buffer
  79               		.type	SPI_read_buffer, @function
  80               	SPI_read_buffer:
  81               	/* prologue: function */
  82               	/* frame size = 0 */
  83 0000 AC01      		movw r20,r24
  84 0002 809B      		sbis 48-32,0
  85 0004 00C0      		rjmp .L12
  86 0006 20E0      		ldi r18,lo8(0)
  87 0008 30E0      		ldi r19,hi8(0)
  88 000a 00C0      		rjmp .L13
  89               	.L12:
  90 000c 20E0      		ldi r18,lo8(0)
  91 000e 30E0      		ldi r19,hi8(0)
  92 0010 95E5      		ldi r25,lo8(85)
  93 0012 6AE4      		ldi r22,lo8(74)
  94 0014 70E0      		ldi r23,hi8(74)
  95               	.L17:
  96 0016 C098      		cbi 56-32,0
  97 0018 FA01      		movw r30,r20
  98 001a E20F      		add r30,r18
  99 001c F31F      		adc r31,r19
 100 001e 00C0      		rjmp .L14
 101               	.L16:
 102 0020 9FB9      		out 47-32,r25
 103               	.L15:
 104 0022 779B      		sbis 46-32,7
 105 0024 00C0      		rjmp .L15
 106 0026 8FB1      		in r24,47-32
 107 0028 8193      		st Z+,r24
 108 002a 2F5F      		subi r18,lo8(-(1))
 109 002c 3F4F      		sbci r19,hi8(-(1))
 110 002e 82E0      		ldi r24,hi8(512)
 111 0030 2030      		cpi r18,lo8(512)
 112 0032 3807      		cpc r19,r24
 113 0034 00F4      		brsh .L13
 114               	.L14:
GAS LISTING C:\Users\hag\AppData\Local\Temp/cc7fSeCk.s 			page 3


 115 0036 809B      		sbis 48-32,0
 116 0038 00C0      		rjmp .L16
 117 003a C09A      		sbi 56-32,0
 118 003c FB01      		movw r30,r22
 119               	/* #APP */
 120               	 ;  105 "c:/winavr-20100110/lib/gcc/../../avr/include/util/delay_basic.h" 1
 121 003e 3197      		1: sbiw r30,1
 122 0040 01F4      		brne 1b
 123               	 ;  0 "" 2
 124               	/* #NOAPP */
 125 0042 809B      		sbis 48-32,0
 126 0044 00C0      		rjmp .L17
 127               	.L13:
 128 0046 C901      		movw r24,r18
 129               	/* epilogue start */
 130 0048 0895      		ret
 131               		.size	SPI_read_buffer, .-SPI_read_buffer
 132               		.section	.text.SPI_write_buffer,"ax",@progbits
 133               	.global	SPI_write_buffer
 134               		.type	SPI_write_buffer, @function
 135               	SPI_write_buffer:
 136               	/* prologue: function */
 137               	/* frame size = 0 */
 138 0000 AC01      		movw r20,r24
 139 0002 6115      		cp r22,__zero_reg__
 140 0004 7105      		cpc r23,__zero_reg__
 141 0006 01F0      		breq .L26
 142 0008 C098      		cbi 56-32,0
 143 000a 20E0      		ldi r18,lo8(0)
 144 000c 30E0      		ldi r19,hi8(0)
 145 000e 00C0      		rjmp .L23
 146               	.L25:
 147 0010 FA01      		movw r30,r20
 148 0012 E20F      		add r30,r18
 149 0014 F31F      		adc r31,r19
 150 0016 8081      		ld r24,Z
 151 0018 8FB9      		out 47-32,r24
 152               	.L24:
 153 001a 779B      		sbis 46-32,7
 154 001c 00C0      		rjmp .L24
 155 001e 2F5F      		subi r18,lo8(-(1))
 156 0020 3F4F      		sbci r19,hi8(-(1))
 157               	.L23:
 158 0022 2617      		cp r18,r22
 159 0024 3707      		cpc r19,r23
 160 0026 00F0      		brlo .L25
 161 0028 C09A      		sbi 56-32,0
 162               	.L26:
 163 002a 0895      		ret
 164               		.size	SPI_write_buffer, .-SPI_write_buffer
 165               		.section	.text.SPI_Receiver,"ax",@progbits
 166               	.global	SPI_Receiver
 167               		.type	SPI_Receiver, @function
 168               	SPI_Receiver:
 169               	/* prologue: function */
 170               	/* frame size = 0 */
 171 0000 80E0      		ldi r24,lo8(512)
GAS LISTING C:\Users\hag\AppData\Local\Temp/cc7fSeCk.s 			page 4


 172 0002 92E0      		ldi r25,hi8(512)
 173 0004 0E94 0000 		call malloc
 174 0008 8C01      		movw r16,r24
 175               	.L30:
 176 000a 8091 0000 		lds r24,have_reset_command
 177 000e 8823      		tst r24
 178 0010 01F4      		brne .L29
 179 0012 C801      		movw r24,r16
 180 0014 0E94 0000 		call SPI_read_buffer
 181 0018 AC01      		movw r20,r24
 182 001a 0097      		sbiw r24,0
 183 001c 01F0      		breq .L29
 184 001e 8091 0000 		lds r24,haveConnectReflect
 185 0022 8823      		tst r24
 186 0024 01F0      		breq .L29
 187 0026 8091 0000 		lds r24,otdr_rs232_manual
 188 002a 8823      		tst r24
 189 002c 01F4      		brne .L29
 190 002e 8091 0000 		lds r24,sockReflect
 191 0032 9091 0000 		lds r25,(sockReflect)+1
 192 0036 B801      		movw r22,r16
 193 0038 0E94 0000 		call NutTcpSend
 194               	.L29:
 195 003c 0E94 0000 		call NutThreadYield
 196 0040 00C0      		rjmp .L30
 197               		.size	SPI_Receiver, .-SPI_Receiver
GAS LISTING C:\Users\hag\AppData\Local\Temp/cc7fSeCk.s 			page 5


DEFINED SYMBOLS
                            *ABS*:00000000 spi.c
C:\Users\hag\AppData\Local\Temp/cc7fSeCk.s:2      *ABS*:0000003f __SREG__
C:\Users\hag\AppData\Local\Temp/cc7fSeCk.s:3      *ABS*:0000003e __SP_H__
C:\Users\hag\AppData\Local\Temp/cc7fSeCk.s:4      *ABS*:0000003d __SP_L__
C:\Users\hag\AppData\Local\Temp/cc7fSeCk.s:5      *ABS*:00000034 __CCP__
C:\Users\hag\AppData\Local\Temp/cc7fSeCk.s:6      *ABS*:00000000 __tmp_reg__
C:\Users\hag\AppData\Local\Temp/cc7fSeCk.s:7      *ABS*:00000001 __zero_reg__
C:\Users\hag\AppData\Local\Temp/cc7fSeCk.s:11     .text.SPI_init:00000000 SPI_init
C:\Users\hag\AppData\Local\Temp/cc7fSeCk.s:31     .text.SPI_have_data:00000000 SPI_have_data
C:\Users\hag\AppData\Local\Temp/cc7fSeCk.s:43     .text.SPI_write_byte:00000000 SPI_write_byte
C:\Users\hag\AppData\Local\Temp/cc7fSeCk.s:68     .text.SPI_read_byte:00000000 SPI_read_byte
C:\Users\hag\AppData\Local\Temp/cc7fSeCk.s:80     .text.SPI_read_buffer:00000000 SPI_read_buffer
C:\Users\hag\AppData\Local\Temp/cc7fSeCk.s:135    .text.SPI_write_buffer:00000000 SPI_write_buffer
C:\Users\hag\AppData\Local\Temp/cc7fSeCk.s:168    .text.SPI_Receiver:00000000 SPI_Receiver

UNDEFINED SYMBOLS
malloc
have_reset_command
haveConnectReflect
otdr_rs232_manual
sockReflect
NutTcpSend
NutThreadYield
